<html>
<body>
<pre>
<h1>µVision Build Log</h1>
<h2>Tool Versions:</h2>
IDE-Version: ¶ÃVision V5.18.0.0
Copyright (C) 2016 ARM Ltd and ARM Germany GmbH. All rights reserved.
License Information: »Ìº˛π‹º“ À’»Ÿ≈Û, www.softgi.com, LIC=Z3C6R-KCNQ3-INRA7-ENIJW-MX3R5-NYUTJ
 
Tool Versions:
Toolchain:       MDK-ARM Professional  Version: 5.18
Toolchain Path:  D:\Keil_v5\ARM\ARMCC\Bin
C Compiler:      Armcc.exe V5.06 update 1 (build 61)
Assembler:       Armasm.exe V5.06 update 1 (build 61)
Linker/Locator:  ArmLink.exe V5.06 update 1 (build 61)
Library Manager: ArmAr.exe V5.06 update 1 (build 61)
Hex Converter:   FromElf.exe V5.06 update 1 (build 61)
CPU DLL:         SARMCM3.DLL V5.18
Dialog DLL:      DCM.DLL V1.13.6.0
Target DLL:      STLink\ST-LINKIII-KEIL_SWO.dll V2.0.18.0
Dialog DLL:      TCM.DLL V1.14.8.0
 
<h2>Project:</h2>
D:\Su\STM32H723\STM32F405\MDK-ARM\STM32F405.uvprojx
Project File Date:  07/22/2023

<h2>Output:</h2>
*** Using Compiler 'V5.06 update 1 (build 61)', folder: 'D:\Keil_v5\ARM\ARMCC\Bin'
Build target 'STM32F405'
assembling startup_stm32f405xx.s...
compiling stm32f4xx_hal_flash.c...
compiling stm32f4xx_hal_msp.c...
compiling dma.c...
compiling gpio.c...
compiling stm32f4xx_hal_can.c...
compiling usart.c...
../Core/Src/usart.c(519): warning:  #940-D: missing return statement at end of non-void function "Transmit_DMA"
  }
../Core/Src/usart.c(541): warning:  #940-D: missing return statement at end of non-void function "Transmit"
  }
../Core/Src/usart.c(547): warning:  #223-D: function "vsnprintf" declared implicitly
  	len = vsnprintf((char*)UartTxBuf,sizeof(UartTxBuf)+1,(char*)format,args);
../Core/Src/usart.c(563): warning:  #223-D: function "vsnprintf" declared implicitly
  	len = vsnprintf((char*)UartTxBuf,sizeof(UartTxBuf)+1,(char*)format,args);
../Core/Src/usart.c: 4 warnings, 0 errors
compiling stm32f4xx_hal_timebase_tim.c...
compiling can.c...
compiling stm32f4xx_hal_rcc_ex.c...
compiling freertos.c...
../Core/Src/freertos.c(154): warning:  #144-D: a value of type "void (*)(void *)" cannot be used to initialize an entity of type "os_pthread"
    
sThreadDef(MotorUpdateTask, MotorUpdate, osPriorityHigh, 0, 128);
../Core/Src/freertos.c(239): warning:  #177-D: variable "cmd_id" was declared but never referenced
        uint16_t cmd_id = (uint16_t)(queue_data->data[0] << 8) + queue_data->data[1];
../Core/Src/freertos.c: 2 warnings, 0 errors
compiling main.c...
compiling stm32f4xx_it.c...
../Core/Src/stm32f4xx_it.c(306): warning:  #223-D: function "memcpy" declared implicitly
        memcpy(queue_data->data, uart4_rx_buf, len * sizeof(uint8_t));
../Core/Src/stm32f4xx_it.c(409): warning:  #223-D: function "VerifyCRC8CheckSum" declared implicitly
      if(VerifyCRC8CheckSum(uart6_rx_buf, 5) == true)
../Core/Src/stm32f4xx_it.c(413): warning:  #223-D: function "VerifyCRC16CheckSum" declared implicitly
        if(VerifyCRC16CheckSum(uart6_rx_buf, data_len) == true)
../Core/Src/stm32f4xx_it.c(418): warning:  #223-D: function "memcpy" declared implicitly
          memcpy(queue_data->data, uart6_rx_buf + 5, queue_data->len * sizeof(uint8_t));
../Core/Src/stm32f4xx_it.c: 4 warnings, 0 errors
compiling stm32f4xx_hal_rcc.c...
compiling stm32f4xx_hal_gpio.c...
compiling stm32f4xx_hal_flash_ramfunc.c...
compiling stm32f4xx_hal_pwr_ex.c...
compiling stm32f4xx_hal_exti.c...
compiling stm32f4xx_hal_flash_ex.c...
compiling croutine.c...
compiling stm32f4xx_hal_dma.c...
compiling event_groups.c...
compiling stm32f4xx_hal_dma_ex.c...
compiling list.c...
compiling stm32f4xx_hal_pwr.c...
compiling stm32f4xx_hal_cortex.c...
compiling stm32f4xx_hal.c...
compiling stm32f4xx_hal_tim_ex.c...
compiling stream_buffer.c...
compiling queue.c...
compiling timers.c...
compiling heap_4.c...
compiling tasks.c...
compiling stm32f4xx_hal_uart.c...
compiling port.c...
compiling cmsis_os.c...
compiling stm32f4xx_hal_tim.c...
compiling system_stm32f4xx.c...
compiling Data_container.c...
..\Core\user_Src\Data_container.c(75): warning:  #1035-D: single-precision operand implicitly converted to double-precision
  				m_imu.acc[0] = (float)((int16_t)(m_frame[5] << 8) | m_frame[4]) / 32768 * 4 * 9.8;
..\Core\user_Src\Data_container.c(76): warning:  #1035-D: single-precision operand implicitly converted to double-precision
  				m_imu.acc[1] = (float)((int16_t)(m_frame[7] << 8) | m_frame[6]) / 32768 * 4 * 9.8;
..\Core\user_Src\Data_container.c(77): warning:  #1035-D: single-precision operand implicitly converted to double-precision
  				m_imu.acc[2] = (float)((int16_t)(m_frame[9] << 8) | m_frame[8]) / 32768 * 4 * 9.8;
..\Core\user_Src\Data_container.c: 3 warnings, 0 errors
compiling Robot.cpp...
compiling Controller.cpp...
compiling Motor.cpp...
..\Core\user_Src\Motor.cpp(35): warning:  #1299-D: members and base-classes will be initialized in declaration order, not in member initialisation list order
  	, type(type)
..\Core\user_Src\Motor.cpp(36): warning:  #1299-D: members and base-classes will be initialized in declaration order, not in member initialisation list order
  	, mode(mode)
..\Core\user_Src\Motor.cpp(45): warning:  #1299-D: members and base-classes will be initialized in declaration order, not in member initialisation list order
  	, type(type)
..\Core\user_Src\Motor.cpp(46): warning:  #1299-D: members and base-classes will be initialized in declaration order, not in member initialisation list order
  	, mode(mode)
..\Core\user_Src\Motor.cpp(150): warning:  #1-D: last line of file ends without a newline
  }
..\Core\user_Src\Motor.cpp: 5 warnings, 0 errors
linking...
Program Size: Code=25720 RO-data=2004 RW-data=160 ZI-data=21872  
FromELF: creating hex file...
"STM32F405\STM32F405.axf" - 0 Error(s), 18 Warning(s).

<h2>Software Packages used:</h2>

Package Vendor: ARM
                http://www.keil.com/pack/ARM.CMSIS.4.5.0.pack
                ARM::CMSIS:CORE:4.3.0
                CMSIS (Cortex Microcontroller Software Interface Standard)
   * Component: CORE Version: 4.3.0

<h2>Collection of Component include folders:</h2>
  D:\Su\STM32H723\STM32F405\MDK-ARM\RTE
  D:\Keil_v5\ARM\PACK\ARM\CMSIS\4.5.0\CMSIS\Include
  D:\Keil_v5\ARM\PACK\Keil\STM32F4xx_DFP\2.13.0\Drivers\CMSIS\Device\ST\STM32F4xx\Include

<h2>Collection of Component Files used:</h2>

   * Component: ARM::CMSIS:CORE:4.3.0
Build Time Elapsed:  00:00:09
</pre>
</body>
</html>
