Component: ARM Compiler 5.06 update 1 (build 61) Tool: armlink [4d35a8]

==============================================================================

Section Cross References

    startup_stm32f405xx.o(STACK) refers (Special) to heapauxi.o(.text) for __use_two_region_memory
    startup_stm32f405xx.o(HEAP) refers (Special) to heapauxi.o(.text) for __use_two_region_memory
    startup_stm32f405xx.o(RESET) refers (Special) to heapauxi.o(.text) for __use_two_region_memory
    startup_stm32f405xx.o(RESET) refers to startup_stm32f405xx.o(STACK) for __initial_sp
    startup_stm32f405xx.o(RESET) refers to startup_stm32f405xx.o(.text) for Reset_Handler
    startup_stm32f405xx.o(RESET) refers to stm32f4xx_it.o(i.NMI_Handler) for NMI_Handler
    startup_stm32f405xx.o(RESET) refers to stm32f4xx_it.o(i.HardFault_Handler) for HardFault_Handler
    startup_stm32f405xx.o(RESET) refers to stm32f4xx_it.o(i.MemManage_Handler) for MemManage_Handler
    startup_stm32f405xx.o(RESET) refers to stm32f4xx_it.o(i.BusFault_Handler) for BusFault_Handler
    startup_stm32f405xx.o(RESET) refers to stm32f4xx_it.o(i.UsageFault_Handler) for UsageFault_Handler
    startup_stm32f405xx.o(RESET) refers to port.o(.emb_text) for SVC_Handler
    startup_stm32f405xx.o(RESET) refers to stm32f4xx_it.o(i.DebugMon_Handler) for DebugMon_Handler
    startup_stm32f405xx.o(RESET) refers to port.o(i.SysTick_Handler) for SysTick_Handler
    startup_stm32f405xx.o(RESET) refers to stm32f4xx_it.o(i.DMA1_Stream2_IRQHandler) for DMA1_Stream2_IRQHandler
    startup_stm32f405xx.o(RESET) refers to stm32f4xx_it.o(i.DMA1_Stream5_IRQHandler) for DMA1_Stream5_IRQHandler
    startup_stm32f405xx.o(RESET) refers to stm32f4xx_it.o(i.CAN1_RX0_IRQHandler) for CAN1_RX0_IRQHandler
    startup_stm32f405xx.o(RESET) refers to stm32f4xx_it.o(i.TIM1_UP_TIM10_IRQHandler) for TIM1_UP_TIM10_IRQHandler
    startup_stm32f405xx.o(RESET) refers to stm32f4xx_it.o(i.USART1_IRQHandler) for USART1_IRQHandler
    startup_stm32f405xx.o(RESET) refers to stm32f4xx_it.o(i.USART2_IRQHandler) for USART2_IRQHandler
    startup_stm32f405xx.o(RESET) refers to stm32f4xx_it.o(i.UART4_IRQHandler) for UART4_IRQHandler
    startup_stm32f405xx.o(RESET) refers to stm32f4xx_it.o(i.DMA2_Stream1_IRQHandler) for DMA2_Stream1_IRQHandler
    startup_stm32f405xx.o(RESET) refers to stm32f4xx_it.o(i.DMA2_Stream2_IRQHandler) for DMA2_Stream2_IRQHandler
    startup_stm32f405xx.o(RESET) refers to stm32f4xx_it.o(i.CAN2_RX0_IRQHandler) for CAN2_RX0_IRQHandler
    startup_stm32f405xx.o(RESET) refers to stm32f4xx_it.o(i.DMA2_Stream6_IRQHandler) for DMA2_Stream6_IRQHandler
    startup_stm32f405xx.o(RESET) refers to stm32f4xx_it.o(i.DMA2_Stream7_IRQHandler) for DMA2_Stream7_IRQHandler
    startup_stm32f405xx.o(RESET) refers to stm32f4xx_it.o(i.USART6_IRQHandler) for USART6_IRQHandler
    startup_stm32f405xx.o(.text) refers (Special) to heapauxi.o(.text) for __use_two_region_memory
    startup_stm32f405xx.o(.text) refers to system_stm32f4xx.o(i.SystemInit) for SystemInit
    startup_stm32f405xx.o(.text) refers to __main.o(!!!main) for __main
    startup_stm32f405xx.o(.text) refers to startup_stm32f405xx.o(HEAP) for Heap_Mem
    startup_stm32f405xx.o(.text) refers to startup_stm32f405xx.o(STACK) for Stack_Mem
    main.o(i.HAL_TIM_PeriodElapsedCallback) refers to stm32f4xx_hal.o(i.HAL_IncTick) for HAL_IncTick
    main.o(i.SystemClock_Config) refers to rt_memclr_w.o(.text) for __aeabi_memclr4
    main.o(i.SystemClock_Config) refers to stm32f4xx_hal_rcc.o(i.HAL_RCC_OscConfig) for HAL_RCC_OscConfig
    main.o(i.SystemClock_Config) refers to stm32f4xx_hal_rcc.o(i.HAL_RCC_ClockConfig) for HAL_RCC_ClockConfig
    main.o(i.main) refers to stm32f4xx_hal.o(i.HAL_Init) for HAL_Init
    main.o(i.main) refers to main.o(i.SystemClock_Config) for SystemClock_Config
    main.o(i.main) refers to gpio.o(i.MX_GPIO_Init) for MX_GPIO_Init
    main.o(i.main) refers to dma.o(i.MX_DMA_Init) for MX_DMA_Init
    main.o(i.main) refers to usart.o(i.MX_USART2_UART_Init) for MX_USART2_UART_Init
    main.o(i.main) refers to usart.o(i.MX_UART4_Init) for MX_UART4_Init
    main.o(i.main) refers to freertos.o(i.MX_FREERTOS_Init) for MX_FREERTOS_Init
    main.o(i.main) refers to cmsis_os.o(i.osKernelStart) for osKernelStart
    freertos.o(i.MX_FREERTOS_Init) refers to queue.o(i.xQueueGenericCreate) for xQueueGenericCreate
    freertos.o(i.MX_FREERTOS_Init) refers to main.o(i.Error_Handler) for Error_Handler
    freertos.o(i.MX_FREERTOS_Init) refers to rt_memcpy_w.o(.text) for __aeabi_memcpy4
    freertos.o(i.MX_FREERTOS_Init) refers to cmsis_os.o(i.osThreadCreate) for osThreadCreate
    freertos.o(i.MX_FREERTOS_Init) refers to freertos.o(.data) for .data
    freertos.o(i.MX_FREERTOS_Init) refers to freertos.o(.constdata) for .constdata
    freertos.o(i.StartDefaultTask) refers to cmsis_os.o(i.osDelay) for osDelay
    freertos.o(i.StartImuDecode) refers to queue.o(i.xQueueReceive) for xQueueReceive
[...]
    __rt_lib_init_exceptions_1               0x080002b7   Thumb Code     0  libinit2.o(.ARM.Collect$$libinit$$00000030)
    __rt_lib_init_fp_trap_1                  0x080002b7   Thumb Code     0  libinit2.o(.ARM.Collect$$libinit$$0000001F)
    __rt_lib_init_getenv_1                   0x080002b7   Thumb Code     0  libinit2.o(.ARM.Collect$$libinit$$00000023)
    __rt_lib_init_lc_numeric_1               0x080002b7   Thumb Code     0  libinit2.o(.ARM.Collect$$libinit$$00000017)
    __rt_lib_init_lc_time_1                  0x080002b7   Thumb Code     0  libinit2.o(.ARM.Collect$$libinit$$00000019)
    __rt_lib_init_signal_1                   0x080002b7   Thumb Code     0  libinit2.o(.ARM.Collect$$libinit$$0000001D)
    __rt_lib_init_stdio_1                    0x080002b7   Thumb Code     0  libinit2.o(.ARM.Collect$$libinit$$00000025)
    __rt_lib_init_cpp_1                      0x080002bb   Thumb Code     0  libinit2.o(.ARM.Collect$$libinit$$00000032)
    __rt_lib_init_return                     0x080002bb   Thumb Code     0  libinit2.o(.ARM.Collect$$libinit$$00000033)
    __rt_lib_shutdown                        0x080002bd   Thumb Code     0  libshutdown.o(.ARM.Collect$$libshutdown$$00000000)
    __rt_lib_shutdown_cpp_1                  0x080002bf   Thumb Code     0  libshutdown2.o(.ARM.Collect$$libshutdown$$00000002)
    __rt_lib_shutdown_fp_trap_1              0x080002bf   Thumb Code     0  libshutdown2.o(.ARM.Collect$$libshutdown$$00000007)
    __rt_lib_shutdown_heap_1                 0x080002bf   Thumb Code     0  libshutdown2.o(.ARM.Collect$$libshutdown$$0000000F)
    __rt_lib_shutdown_return                 0x080002bf   Thumb Code     0  libshutdown2.o(.ARM.Collect$$libshutdown$$00000010)
    __rt_lib_shutdown_signal_1               0x080002bf   Thumb Code     0  libshutdown2.o(.ARM.Collect$$libshutdown$$0000000A)
    __rt_lib_shutdown_stdio_1                0x080002bf   Thumb Code     0  libshutdown2.o(.ARM.Collect$$libshutdown$$00000004)
    __rt_lib_shutdown_user_alloc_1           0x080002bf   Thumb Code     0  libshutdown2.o(.ARM.Collect$$libshutdown$$0000000C)
    __rt_entry                               0x080002c1   Thumb Code     0  __rtentry.o(.ARM.Collect$$rtentry$$00000000)
    __rt_entry_presh_1                       0x080002c1   Thumb Code     0  __rtentry2.o(.ARM.Collect$$rtentry$$00000002)
    __rt_entry_sh                            0x080002c1   Thumb Code     0  __rtentry4.o(.ARM.Collect$$rtentry$$00000004)
    __rt_entry_li                            0x080002c7   Thumb Code     0  __rtentry2.o(.ARM.Collect$$rtentry$$0000000A)
    __rt_entry_postsh_1                      0x080002c7   Thumb Code     0  __rtentry2.o(.ARM.Collect$$rtentry$$00000009)
    __rt_entry_main                          0x080002cb   Thumb Code     0  __rtentry2.o(.ARM.Collect$$rtentry$$0000000D)
    __rt_entry_postli_1                      0x080002cb   Thumb Code     0  __rtentry2.o(.ARM.Collect$$rtentry$$0000000C)
    __rt_exit                                0x080002d3   Thumb Code     0  rtexit.o(.ARM.Collect$$rtexit$$00000000)
    __rt_exit_ls                             0x080002d5   Thumb Code     0  rtexit2.o(.ARM.Collect$$rtexit$$00000003)
    __rt_exit_prels_1                        0x080002d5   Thumb Code     0  rtexit2.o(.ARM.Collect$$rtexit$$00000002)
    __rt_exit_exit                           0x080002d9   Thumb Code     0  rtexit2.o(.ARM.Collect$$rtexit$$00000004)
    SVC_Handler                              0x080002e1   Thumb Code    28  port.o(.emb_text)
    __asm___6_port_c_39a90d8d__prvStartFirstTask 0x08000301   Thumb Code    36  port.o(.emb_text)
    __asm___6_port_c_39a90d8d__prvEnableVFP  0x08000329   Thumb Code    16  port.o(.emb_text)
    PendSV_Handler                           0x0800033d   Thumb Code    88  port.o(.emb_text)
    vPortGetIPSR                             0x08000399   Thumb Code     6  port.o(.emb_text)
    Reset_Handler                            0x080003a1   Thumb Code     8  startup_stm32f405xx.o(.text)
    _maybe_terminate_alloc                   0x080003a1   Thumb Code     0  maybetermalloc1.o(.emb_text)
    ADC_IRQHandler                           0x080003bb   Thumb Code     0  startup_stm32f405xx.o(.text)
    CAN1_RX1_IRQHandler                      0x080003bb   Thumb Code     0  startup_stm32f405xx.o(.text)
    CAN1_SCE_IRQHandler                      0x080003bb   Thumb Code     0  startup_stm32f405xx.o(.text)
    CAN1_TX_IRQHandler                       0x080003bb   Thumb Code     0  startup_stm32f405xx.o(.text)
    CAN2_RX1_IRQHandler                      0x080003bb   Thumb Code     0  startup_stm32f405xx.o(.text)
    CAN2_SCE_IRQHandler                      0x080003bb   Thumb Code     0  startup_stm32f405xx.o(.text)
    CAN2_TX_IRQHandler                       0x080003bb   Thumb Code     0  startup_stm32f405xx.o(.text)
    DMA1_Stream0_IRQHandler                  0x080003bb   Thumb Code     0  startup_stm32f405xx.o(.text)
    DMA1_Stream1_IRQHandler                  0x080003bb   Thumb Code     0  startup_stm32f405xx.o(.text)
    DMA1_Stream3_IRQHandler                  0x080003bb   Thumb Code     0  startup_stm32f405xx.o(.text)
    DMA1_Stream4_IRQHandler                  0x080003bb   Thumb Code     0  startup_stm32f405xx.o(.text)
    DMA1_Stream6_IRQHandler                  0x080003bb   Thumb Code     0  startup_stm32f405xx.o(.text)
    DMA1_Stream7_IRQHandler                  0x080003bb   Thumb Code     0  startup_stm32f405xx.o(.text)
    DMA2_Stream0_IRQHandler                  0x080003bb   Thumb Code     0  startup_stm32f405xx.o(.text)
    DMA2_Stream3_IRQHandler                  0x080003bb   Thumb Code     0  startup_stm32f405xx.o(.text)
    DMA2_Stream4_IRQHandler                  0x080003bb   Thumb Code     0  startup_stm32f405xx.o(.text)
    DMA2_Stream5_IRQHandler                  0x080003bb   Thumb Code     0  startup_stm32f405xx.o(.text)
    EXTI0_IRQHandler                         0x080003bb   Thumb Code     0  startup_stm32f405xx.o(.text)
    EXTI15_10_IRQHandler                     0x080003bb   Thumb Code     0  startup_stm32f405xx.o(.text)
    EXTI1_IRQHandler                         0x080003bb   Thumb Code     0  startup_stm32f405xx.o(.text)
    EXTI2_IRQHandler                         0x080003bb   Thumb Code     0  startup_stm32f405xx.o(.text)
    EXTI3_IRQHandler                         0x080003bb   Thumb Code     0  startup_stm32f405xx.o(.text)
    EXTI4_IRQHandler                         0x080003bb   Thumb Code     0  startup_stm32f405xx.o(.text)
    EXTI9_5_IRQHandler                       0x080003bb   Thumb Code     0  startup_stm32f405xx.o(.text)
    FLASH_IRQHandler                         0x080003bb   Thumb Code     0  startup_stm32f405xx.o(.text)
    FMC_IRQHandler                           0x080003bb   Thumb Code     0  startup_stm32f405xx.o(.text)
    FPU_IRQHandler                           0x080003bb   Thumb Code     0  startup_stm32f405xx.o(.text)
    HASH_RNG_IRQHandler                      0x080003bb   Thumb Code     0  startup_stm32f405xx.o(.text)
    I2C1_ER_IRQHandler                       0x080003bb   Thumb Code     0  startup_stm32f405xx.o(.text)
    I2C1_EV_IRQHandler                       0x080003bb   Thumb Code     0  startup_stm32f405xx.o(.text)
    I2C2_ER_IRQHandler                       0x080003bb   Thumb Code     0  startup_stm32f405xx.o(.text)
    I2C2_EV_IRQHandler                       0x080003bb   Thumb Code     0  startup_stm32f405xx.o(.text)
    I2C3_ER_IRQHandler                       0x080003bb   Thumb Code     0  startup_stm32f405xx.o(.text)
    I2C3_EV_IRQHandler                       0x080003bb   Thumb Code     0  startup_stm32f405xx.o(.text)
    OTG_FS_IRQHandler                        0x080003bb   Thumb Code     0  startup_stm32f405xx.o(.text)
    OTG_FS_WKUP_IRQHandler                   0x080003bb   Thumb Code     0  startup_stm32f405xx.o(.text)
    OTG_HS_EP1_IN_IRQHandler                 0x080003bb   Thumb Code     0  startup_stm32f405xx.o(.text)
    OTG_HS_EP1_OUT_IRQHandler                0x080003bb   Thumb Code     0  startup_stm32f405xx.o(.text)
    OTG_HS_IRQHandler                        0x080003bb   Thumb Code     0  startup_stm32f405xx.o(.text)
    OTG_HS_WKUP_IRQHandler                   0x080003bb   Thumb Code     0  startup_stm32f405xx.o(.text)
    PVD_IRQHandler                           0x080003bb   Thumb Code     0  startup_stm32f405xx.o(.text)
    RCC_IRQHandler                           0x080003bb   Thumb Code     0  startup_stm32f405xx.o(.text)
    RTC_Alarm_IRQHandler                     0x080003bb   Thumb Code     0  startup_stm32f405xx.o(.text)
    RTC_WKUP_IRQHandler                      0x080003bb   Thumb Code     0  startup_stm32f405xx.o(.text)
    SDIO_IRQHandler                          0x080003bb   Thumb Code     0  startup_stm32f405xx.o(.text)
    SPI1_IRQHandler                          0x080003bb   Thumb Code     0  startup_stm32f405xx.o(.text)
    SPI2_IRQHandler                          0x080003bb   Thumb Code     0  startup_stm32f405xx.o(.text)
    SPI3_IRQHandler                          0x080003bb   Thumb Code     0  startup_stm32f405xx.o(.text)
    TAMP_STAMP_IRQHandler                    0x080003bb   Thumb Code     0  startup_stm32f405xx.o(.text)
    TIM1_BRK_TIM9_IRQHandler                 0x080003bb   Thumb Code     0  startup_stm32f405xx.o(.text)
    TIM1_CC_IRQHandler                       0x080003bb   Thumb Code     0  startup_stm32f405xx.o(.text)
    TIM1_TRG_COM_TIM11_IRQHandler            0x080003bb   Thumb Code     0  startup_stm32f405xx.o(.text)
    TIM2_IRQHandler                          0x080003bb   Thumb Code     0  startup_stm32f405xx.o(.text)
    TIM3_IRQHandler                          0x080003bb   Thumb Code     0  startup_stm32f405xx.o(.text)
    TIM4_IRQHandler                          0x080003bb   Thumb Code     0  startup_stm32f405xx.o(.text)
    TIM5_IRQHandler                          0x080003bb   Thumb Code     0  startup_stm32f405xx.o(.text)
    TIM6_DAC_IRQHandler                      0x080003bb   Thumb Code     0  startup_stm32f405xx.o(.text)
    TIM7_IRQHandler                          0x080003bb   Thumb Code     0  startup_stm32f405xx.o(.text)
    TIM8_BRK_TIM12_IRQHandler                0x080003bb   Thumb Code     0  startup_stm32f405xx.o(.text)
    TIM8_CC_IRQHandler                       0x080003bb   Thumb Code     0  startup_stm32f405xx.o(.text)
    TIM8_TRG_COM_TIM14_IRQHandler            0x080003bb   Thumb Code     0  startup_stm32f405xx.o(.text)
    TIM8_UP_TIM13_IRQHandler                 0x080003bb   Thumb Code     0  startup_stm32f405xx.o(.text)
    UART5_IRQHandler                         0x080003bb   Thumb Code     0  startup_stm32f405xx.o(.text)
    USART3_IRQHandler                        0x080003bb   Thumb Code     0  startup_stm32f405xx.o(.text)
    WWDG_IRQHandler                          0x080003bb   Thumb Code     0  startup_stm32f405xx.o(.text)
    __user_initial_stackheap                 0x080003bd   Thumb Code     0  startup_stm32f405xx.o(.text)
    malloc                                   0x080003e1   Thumb Code    94  h1_alloc.o(.text)
    free                                     0x0800043f   Thumb Code    78  h1_free.o(.text)
    __aeabi_uldivmod                         0x0800048d   Thumb Code     0  lludivv7m.o(.text)
    _ll_udiv                                 0x0800048d   Thumb Code   238  lludivv7m.o(.text)
    vsnprintf                                0x0800057d   Thumb Code    48  vsnprintf.o(.text)
    __aeabi_memcpy                           0x080005b1   Thumb Code     0  rt_memcpy_v6.o(.text)
    __rt_memcpy                              0x080005b1   Thumb Code   138  rt_memcpy_v6.o(.text)
    _memcpy_lastbytes                        0x08000617   Thumb Code     0  rt_memcpy_v6.o(.text)
    __aeabi_memcpy4                          0x0800063b   Thumb Code     0  rt_memcpy_w.o(.text)
    __aeabi_memcpy8                          0x0800063b   Thumb Code     0  rt_memcpy_w.o(.text)
    __rt_memcpy_w                            0x0800063b   Thumb Code   100  rt_memcpy_w.o(.text)
    _memcpy_lastbytes_aligned                0x08000683   Thumb Code     0  rt_memcpy_w.o(.text)
    __aeabi_memclr4                          0x0800069f   Thumb Code     0  rt_memclr_w.o(.text)
    __aeabi_memclr8                          0x0800069f   Thumb Code     0  rt_memclr_w.o(.text)
    __rt_memclr_w                            0x0800069f   Thumb Code    78  rt_memclr_w.o(.text)
    _memset_w                                0x080006a3   Thumb Code     0  rt_memclr_w.o(.text)
    __use_two_region_memory                  0x080006ed   Thumb Code     2  heapauxi.o(.text)
    __rt_heap_escrow                         0x080006ef   Thumb Code     2  heapauxi.o(.text)
    __rt_heap_expand                         0x080006f1   Thumb Code     2  heapauxi.o(.text)
    __cpp_initialize__aeabi_                 0x080006f5   Thumb Code    26  init_aeabi.o(.text)
    __rt_heap_descriptor                     0x08000719   Thumb Code     8  rt_heap_descriptor_intlibspace.o(.text)
    __use_no_heap                            0x08000721   Thumb Code     2  hguard.o(.text)
    __heap$guard                             0x08000723   Thumb Code     2  hguard.o(.text)
    _terminate_user_alloc                    0x08000725   Thumb Code     2  init_alloc.o(.text)
    _init_user_alloc                         0x08000727   Thumb Code     2  init_alloc.o(.text)
    __Heap_Full                              0x08000729   Thumb Code    34  init_alloc.o(.text)
    __Heap_Broken                            0x0800074b   Thumb Code     6  init_alloc.o(.text)
    _init_alloc                              0x08000751   Thumb Code    94  init_alloc.o(.text)
    __Heap_Initialize                        0x080007af   Thumb Code    10  h1_init.o(.text)
    __Heap_DescSize                          0x080007b9   Thumb Code     4  h1_init.o(.text)
    _printf_pre_padding                      0x080007bd   Thumb Code    44  _printf_pad.o(.text)
    _printf_post_padding                     0x080007e9   Thumb Code    34  _printf_pad.o(.text)
    _printf_truncate_signed                  0x0800080b   Thumb Code    18  _printf_truncate.o(.text)
    _printf_truncate_unsigned                0x0800081d   Thumb Code    18  _printf_truncate.o(.text)
    _printf_str                              0x0800082f   Thumb Code    82  _printf_str.o(.text)
    _printf_int_dec                          0x08000881   Thumb Code   104  _printf_dec.o(.text)
    _printf_charcount                        0x080008f9   Thumb Code    40  _printf_charcount.o(.text)
    _printf_char_common                      0x0800092b   Thumb Code    32  _printf_char_common.o(.text)
    _sputc                                   0x08000951   Thumb Code    10  _sputc.o(.text)
    _snputc                                  0x0800095b   Thumb Code    16  _snputc.o(.text)
    _printf_wctomb                           0x0800096d   Thumb Code   182  _printf_wctomb.o(.text)
    _printf_longlong_dec                     0x08000a29   Thumb Code   108  _printf_longlong_dec.o(.text)
    _printf_longlong_oct                     0x08000aa5   Thumb Code    68  _printf_oct_int_ll.o(.text)
    _printf_int_oct                          0x08000ae9   Thumb Code    24  _printf_oct_int_ll.o(.text)
    _printf_ll_oct                           0x08000b01   Thumb Code    12  _printf_oct_int_ll.o(.text)
    _printf_longlong_hex                     0x08000b15   Thumb Code    86  _printf_hex_int_ll_ptr.o(.text)
    _printf_int_hex                          0x08000b6b   Thumb Code    28  _printf_hex_int_ll_ptr.o(.text)
    _printf_ll_hex                           0x08000b87   Thumb Code    12  _printf_hex_int_ll_ptr.o(.text)
    _printf_hex_ptr                          0x08000b93   Thumb Code    18  _printf_hex_int_ll_ptr.o(.text)
    __printf                                 0x08000ba9   Thumb Code   388  __printf_flags_ss_wp.o(.text)
    __user_libspace                          0x08000d31   Thumb Code     8  libspace.o(.text)
    __user_perproc_libspace                  0x08000d31   Thumb Code     0  libspace.o(.text)
    __user_perthread_libspace                0x08000d31   Thumb Code     0  libspace.o(.text)
    __Heap_ProvideMemory                     0x08000d39   Thumb Code    52  h1_extend.o(.text)
    _ll_udiv10                               0x08000d6d   Thumb Code   138  lludiv10.o(.text)
    _printf_int_common                       0x08000df7   Thumb Code   178  _printf_intcommon.o(.text)
    __lib_sel_fp_printf                      0x08000ea9   Thumb Code     2  _printf_fp_dec.o(.text)
    _printf_fp_dec_real                      0x08001057   Thumb Code   620  _printf_fp_dec.o(.text)
    _printf_fp_hex_real                      0x080012c5   Thumb Code   754  _printf_fp_hex.o(.text)
    _printf_cs_common                        0x080015c1   Thumb Code    20  _printf_char.o(.text)
    _printf_char                             0x080015d5   Thumb Code    16  _printf_char.o(.text)
    _printf_string                           0x080015e5   Thumb Code     8  _printf_char.o(.text)
    _printf_lcs_common                       0x080015ed   Thumb Code    20  _printf_wchar.o(.text)
    _printf_wchar                            0x08001601   Thumb Code    16  _printf_wchar.o(.text)
    _printf_wstring                          0x08001611   Thumb Code     8  _printf_wchar.o(.text)
    _wcrtomb                                 0x08001619   Thumb Code    64  _wcrtomb.o(.text)
    __rt_SIGRTMEM                            0x08001659   Thumb Code    14  defsig_rtmem_outer.o(.text)
    __I$use$semihosting                      0x08001667   Thumb Code     0  use_no_semi.o(.text)
    __use_no_semihosting_swi                 0x08001667   Thumb Code     2  use_no_semi.o(.text)
    __semihosting_library_function           0x08001669   Thumb Code     0  indicate_semi.o(.text)
    __user_setup_stackheap                   0x08001669   Thumb Code    74  sys_stackheap_outer.o(.text)
    __rt_ctype_table                         0x080016b5   Thumb Code    16  rt_ctype_table.o(.text)
    __rt_locale                              0x080016c5   Thumb Code     8  rt_locale_intlibspace.o(.text)
    _printf_fp_infnan                        0x080016cd   Thumb Code   112  _printf_fp_infnan.o(.text)
    _btod_etento                             0x0800174d   Thumb Code   216  bigflt0.o(.text)
    exit                                     0x08001829   Thumb Code    18  exit.o(.text)
    __sig_exit                               0x0800183b   Thumb Code    10  defsig_exit.o(.text)
    __rt_SIGRTMEM_inner                      0x08001845   Thumb Code    22  defsig_rtmem_inner.o(.text)
    _sys_exit                                0x08001895   Thumb Code     8  sys_exit.o(.text)
    __default_signal_display                 0x080018a1   Thumb Code    50  defsig_general.o(.text)
    strcmp                                   0x080018d5   Thumb Code   128  strcmpv7m.o(.text)
    _ttywrch                                 0x08001955   Thumb Code    14  sys_wrch.o(.text)
    _btod_d2e                                0x08001963   Thumb Code    62  btod.o(CL$$btod_d2e)
    _d2e_denorm_low                          0x080019a1   Thumb Code    70  btod.o(CL$$btod_d2e_denorm_low)
    _d2e_norm_op1                            0x080019e7   Thumb Code    96  btod.o(CL$$btod_d2e_norm_op1)
    __btod_div_common                        0x08001a47   Thumb Code   696  btod.o(CL$$btod_div_common)
    _e2e                                     0x08001d7f   Thumb Code   198  btod.o(CL$$btod_e2e)
    _btod_ediv                               0x08001e45   Thumb Code    40  btod.o(CL$$btod_ediv)
    _btod_emul                               0x08001e6d   Thumb Code    40  btod.o(CL$$btod_emul)
    __btod_mult_common                       0x08001e95   Thumb Code   580  btod.o(CL$$btod_mult_common)
    BusFault_Handler                         0x080020d9   Thumb Code     2  stm32f4xx_it.o(i.BusFault_Handler)
    CAN1_RX0_IRQHandler                      0x080020dd   Thumb Code     6  stm32f4xx_it.o(i.CAN1_RX0_IRQHandler)
    CAN2_RX0_IRQHandler                      0x080020e9   Thumb Code     6  stm32f4xx_it.o(i.CAN2_RX0_IRQHandler)
    DMA1_Stream2_IRQHandler                  0x080020f5   Thumb Code     6  stm32f4xx_it.o(i.DMA1_Stream2_IRQHandler)
    DMA1_Stream5_IRQHandler                  0x08002101   Thumb Code     6  stm32f4xx_it.o(i.DMA1_Stream5_IRQHandler)
    DMA2_Stream1_IRQHandler                  0x0800210d   Thumb Code     6  stm32f4xx_it.o(i.DMA2_Stream1_IRQHandler)
    DMA2_Stream2_IRQHandler                  0x08002119   Thumb Code     6  stm32f4xx_it.o(i.DMA2_Stream2_IRQHandler)
    DMA2_Stream6_IRQHandler                  0x08002125   Thumb Code     6  stm32f4xx_it.o(i.DMA2_Stream6_IRQHandler)
    DMA2_Stream7_IRQHandler                  0x08002131   Thumb Code     6  stm32f4xx_it.o(i.DMA2_Stream7_IRQHandler)
    DebugMon_Handler                         0x080021e1   Thumb Code     2  stm32f4xx_it.o(i.DebugMon_Handler)
    Error_Handler                            0x080021e3   Thumb Code     4  main.o(i.Error_Handler)
    GetCRC16CheckSum                         0x080021e9   Thumb Code    38  usart.o(i.GetCRC16CheckSum)
    GetCRC8CheckSum                          0x08002215   Thumb Code    24  usart.o(i.GetCRC8CheckSum)
    HAL_CAN_ActivateNotification             0x08002231   Thumb Code    36  stm32f4xx_hal_can.o(i.HAL_CAN_ActivateNotification)
    HAL_CAN_ErrorCallback                    0x08002255   Thumb Code     2  stm32f4xx_hal_can.o(i.HAL_CAN_ErrorCallback)
    HAL_CAN_GetRxMessage                     0x08002257   Thumb Code   232  stm32f4xx_hal_can.o(i.HAL_CAN_GetRxMessage)
    HAL_CAN_IRQHandler                       0x0800233f   Thumb Code   508  stm32f4xx_hal_can.o(i.HAL_CAN_IRQHandler)
    HAL_CAN_RxFifo0FullCallback              0x0800253b   Thumb Code     2  stm32f4xx_hal_can.o(i.HAL_CAN_RxFifo0FullCallback)
    HAL_CAN_RxFifo0MsgPendingCallback        0x0800253d   Thumb Code   108  can.o(i.HAL_CAN_RxFifo0MsgPendingCallback)
    HAL_CAN_RxFifo1FullCallback              0x080025b5   Thumb Code     2  stm32f4xx_hal_can.o(i.HAL_CAN_RxFifo1FullCallback)
    HAL_CAN_RxFifo1MsgPendingCallback        0x080025b7   Thumb Code     2  stm32f4xx_hal_can.o(i.HAL_CAN_RxFifo1MsgPendingCallback)
    HAL_CAN_SleepCallback                    0x080025b9   Thumb Code     2  stm32f4xx_hal_can.o(i.HAL_CAN_SleepCallback)
    HAL_CAN_TxMailbox0AbortCallback          0x080025bb   Thumb Code     2  stm32f4xx_hal_can.o(i.HAL_CAN_TxMailbox0AbortCallback)
    HAL_CAN_TxMailbox0CompleteCallback       0x080025bd   Thumb Code     2  stm32f4xx_hal_can.o(i.HAL_CAN_TxMailbox0CompleteCallback)
    HAL_CAN_TxMailbox1AbortCallback          0x080025bf   Thumb Code     2  stm32f4xx_hal_can.o(i.HAL_CAN_TxMailbox1AbortCallback)
    HAL_CAN_TxMailbox1CompleteCallback       0x080025c1   Thumb Code     2  stm32f4xx_hal_can.o(i.HAL_CAN_TxMailbox1CompleteCallback)
    HAL_CAN_TxMailbox2AbortCallback          0x080025c3   Thumb Code     2  stm32f4xx_hal_can.o(i.HAL_CAN_TxMailbox2AbortCallback)
    HAL_CAN_TxMailbox2CompleteCallback       0x080025c5   Thumb Code     2  stm32f4xx_hal_can.o(i.HAL_CAN_TxMailbox2CompleteCallback)
    HAL_CAN_WakeUpFromRxMsgCallback          0x080025c7   Thumb Code     2  stm32f4xx_hal_can.o(i.HAL_CAN_WakeUpFromRxMsgCallback)
    HAL_DMA_Abort                            0x080025c9   Thumb Code   146  stm32f4xx_hal_dma.o(i.HAL_DMA_Abort)
    HAL_DMA_Abort_IT                         0x0800265b   Thumb Code    36  stm32f4xx_hal_dma.o(i.HAL_DMA_Abort_IT)
    HAL_DMA_IRQHandler                       0x08002681   Thumb Code   412  stm32f4xx_hal_dma.o(i.HAL_DMA_IRQHandler)
    HAL_DMA_Init                             0x08002821   Thumb Code   206  stm32f4xx_hal_dma.o(i.HAL_DMA_Init)
    HAL_DMA_Start_IT                         0x080028f5   Thumb Code   110  stm32f4xx_hal_dma.o(i.HAL_DMA_Start_IT)
    HAL_GPIO_Init                            0x08002965   Thumb Code   450  stm32f4xx_hal_gpio.o(i.HAL_GPIO_Init)
    HAL_GetTick                              0x08002b55   Thumb Code     6  stm32f4xx_hal.o(i.HAL_GetTick)
    HAL_IncTick                              0x08002b61   Thumb Code    12  stm32f4xx_hal.o(i.HAL_IncTick)
    HAL_Init                                 0x08002b71   Thumb Code    48  stm32f4xx_hal.o(i.HAL_Init)
    HAL_InitTick                             0x08002ba5   Thumb Code   120  stm32f4xx_hal_timebase_tim.o(i.HAL_InitTick)
    HAL_MspInit                              0x08002c31   Thumb Code    52  stm32f4xx_hal_msp.o(i.HAL_MspInit)
    HAL_NVIC_EnableIRQ                       0x08002c69   Thumb Code    26  stm32f4xx_hal_cortex.o(i.HAL_NVIC_EnableIRQ)
    HAL_NVIC_SetPriority                     0x08002c85   Thumb Code    60  stm32f4xx_hal_cortex.o(i.HAL_NVIC_SetPriority)
    HAL_NVIC_SetPriorityGrouping             0x08002cc5   Thumb Code    26  stm32f4xx_hal_cortex.o(i.HAL_NVIC_SetPriorityGrouping)
    HAL_RCC_ClockConfig                      0x08002ce9   Thumb Code   288  stm32f4xx_hal_rcc.o(i.HAL_RCC_ClockConfig)
    HAL_RCC_GetClockConfig                   0x08002e1d   Thumb Code    54  stm32f4xx_hal_rcc.o(i.HAL_RCC_GetClockConfig)
    HAL_RCC_GetPCLK1Freq                     0x08002e5d   Thumb Code    20  stm32f4xx_hal_rcc.o(i.HAL_RCC_GetPCLK1Freq)
    HAL_RCC_GetPCLK2Freq                     0x08002e7d   Thumb Code    20  stm32f4xx_hal_rcc.o(i.HAL_RCC_GetPCLK2Freq)
    HAL_RCC_GetSysClockFreq                  0x08002e9d   Thumb Code    88  stm32f4xx_hal_rcc.o(i.HAL_RCC_GetSysClockFreq)
    HAL_RCC_OscConfig                        0x08002f01   Thumb Code   856  stm32f4xx_hal_rcc.o(i.HAL_RCC_OscConfig)
    HAL_TIMEx_BreakCallback                  0x0800326d   Thumb Code     2  stm32f4xx_hal_tim_ex.o(i.HAL_TIMEx_BreakCallback)
    HAL_TIMEx_CommutCallback                 0x0800326f   Thumb Code     2  stm32f4xx_hal_tim_ex.o(i.HAL_TIMEx_CommutCallback)
    HAL_TIM_Base_Init                        0x08003271   Thumb Code    90  stm32f4xx_hal_tim.o(i.HAL_TIM_Base_Init)
    HAL_TIM_Base_MspInit                     0x080032cb   Thumb Code     2  stm32f4xx_hal_tim.o(i.HAL_TIM_Base_MspInit)
    HAL_TIM_Base_Start_IT                    0x080032cd   Thumb Code   100  stm32f4xx_hal_tim.o(i.HAL_TIM_Base_Start_IT)
    HAL_TIM_IC_CaptureCallback               0x0800334d   Thumb Code     2  stm32f4xx_hal_tim.o(i.HAL_TIM_IC_CaptureCallback)
    HAL_TIM_IRQHandler                       0x0800334f   Thumb Code   358  stm32f4xx_hal_tim.o(i.HAL_TIM_IRQHandler)
    HAL_TIM_OC_DelayElapsedCallback          0x080034b5   Thumb Code     2  stm32f4xx_hal_tim.o(i.HAL_TIM_OC_DelayElapsedCallback)
    HAL_TIM_PWM_PulseFinishedCallback        0x080034b7   Thumb Code     2  stm32f4xx_hal_tim.o(i.HAL_TIM_PWM_PulseFinishedCallback)
    HAL_TIM_PeriodElapsedCallback            0x080034b9   Thumb Code    14  main.o(i.HAL_TIM_PeriodElapsedCallback)
    HAL_TIM_TriggerCallback                  0x080034cd   Thumb Code     2  stm32f4xx_hal_tim.o(i.HAL_TIM_TriggerCallback)
    HAL_UARTEx_RxEventCallback               0x080034cf   Thumb Code     2  stm32f4xx_hal_uart.o(i.HAL_UARTEx_RxEventCallback)
    HAL_UART_ErrorCallback                   0x080034d1   Thumb Code     2  stm32f4xx_hal_uart.o(i.HAL_UART_ErrorCallback)
    HAL_UART_IRQHandler                      0x080034d5   Thumb Code   610  stm32f4xx_hal_uart.o(i.HAL_UART_IRQHandler)
    HAL_UART_Init                            0x0800373d   Thumb Code    98  stm32f4xx_hal_uart.o(i.HAL_UART_Init)
    HAL_UART_MspInit                         0x080037a1   Thumb Code   828  usart.o(i.HAL_UART_MspInit)
    HAL_UART_Receive_DMA                     0x08003b09   Thumb Code    42  stm32f4xx_hal_uart.o(i.HAL_UART_Receive_DMA)
    HAL_UART_RxCpltCallback                  0x08003b33   Thumb Code     2  stm32f4xx_hal_uart.o(i.HAL_UART_RxCpltCallback)
    HAL_UART_RxHalfCpltCallback              0x08003b35   Thumb Code     2  stm32f4xx_hal_uart.o(i.HAL_UART_RxHalfCpltCallback)
    HAL_UART_Transmit                        0x08003b39   Thumb Code   178  stm32f4xx_hal_uart.o(i.HAL_UART_Transmit)
    HAL_UART_TxCpltCallback                  0x08003beb   Thumb Code     2  stm32f4xx_hal_uart.o(i.HAL_UART_TxCpltCallback)
    HardFault_Handler                        0x08003bed   Thumb Code     2  stm32f4xx_it.o(i.HardFault_Handler)
    Imu_Check_Sum                            0x08003bef   Thumb Code    30  data_container.o(i.Imu_Check_Sum)
    Imu_Decode                               0x08003c0d   Thumb Code   538  data_container.o(i.Imu_Decode)
    MX_DMA_Init                              0x08003e41   Thumb Code   136  dma.o(i.MX_DMA_Init)
    MX_FREERTOS_Init                         0x08003ecd   Thumb Code   172  freertos.o(i.MX_FREERTOS_Init)
    MX_GPIO_Init                             0x08003f81   Thumb Code    70  gpio.o(i.MX_GPIO_Init)
    MX_UART4_Init                            0x08003fcd   Thumb Code    78  usart.o(i.MX_UART4_Init)
    MX_USART2_UART_Init                      0x08004029   Thumb Code    76  usart.o(i.MX_USART2_UART_Init)
    MemManage_Handler                        0x08004085   Thumb Code     2  stm32f4xx_it.o(i.MemManage_Handler)
    MotorUpdate                              0x08004089   Thumb Code    66  motor.o(i.MotorUpdate)
    NMI_Handler                              0x080040d5   Thumb Code     2  stm32f4xx_it.o(i.NMI_Handler)
    Remote_Decode                            0x080040d9   Thumb Code   184  data_container.o(i.Remote_Decode)
    StartDefaultTask                         0x08004195   Thumb Code     8  freertos.o(i.StartDefaultTask)
    StartImuDecode                           0x0800419d   Thumb Code    42  freertos.o(i.StartImuDecode)
    StartJudgementDecode                     0x080041d5   Thumb Code    26  freertos.o(i.StartJudgementDecode)
    StartRemoteDecode                        0x080041f5   Thumb Code    26  freertos.o(i.StartRemoteDecode)
    SysTick_Handler                          0x08004215   Thumb Code    38  port.o(i.SysTick_Handler)
    SystemClock_Config                       0x08004241   Thumb Code   142  main.o(i.SystemClock_Config)
    SystemInit                               0x080042d9   Thumb Code    12  system_stm32f4xx.o(i.SystemInit)
    TIM1_UP_TIM10_IRQHandler                 0x080042e9   Thumb Code     6  stm32f4xx_it.o(i.TIM1_UP_TIM10_IRQHandler)
    TIM_Base_SetConfig                       0x080042f5   Thumb Code   156  stm32f4xx_hal_tim.o(i.TIM_Base_SetConfig)
    UART4_IRQHandler                         0x080043bd   Thumb Code   158  stm32f4xx_it.o(i.UART4_IRQHandler)
    UART_Start_Receive_DMA                   0x080047cd   Thumb Code   134  stm32f4xx_hal_uart.o(i.UART_Start_Receive_DMA)
    USART1_IRQHandler                        0x080048d9   Thumb Code     6  stm32f4xx_it.o(i.USART1_IRQHandler)
    USART2_IRQHandler                        0x080048e5   Thumb Code    92  stm32f4xx_it.o(i.USART2_IRQHandler)
    USART6_IRQHandler                        0x08004975   Thumb Code   162  stm32f4xx_it.o(i.USART6_IRQHandler)
    UartPrintf                               0x08004a55   Thumb Code    84  usart.o(i.UartPrintf)
    UsageFault_Handler                       0x08004aad   Thumb Code     2  stm32f4xx_it.o(i.UsageFault_Handler)
    VerifyCRC16CheckSum                      0x08004ab1   Thumb Code    54  usart.o(i.VerifyCRC16CheckSum)
    VerifyCRC8CheckSum                       0x08004aed   Thumb Code    38  usart.o(i.VerifyCRC8CheckSum)
    PID::Delta(float)                        0x08004b15   Thumb Code    82  controller.o(i._ZN3PID5DeltaEf)
    PID::Position(float)                     0x08004b71   Thumb Code   152  controller.o(i._ZN3PID8PositionEf)
    PID::PID(float, float, float, float)     0x08004c09   Thumb Code     6  motor.o(i._ZN3PIDC1Effff)
    PID::PID__sub_object(float, float, float, float) 0x08004c09   Thumb Code     0  motor.o(i._ZN3PIDC1Effff)
    PID::PID()                               0x08004c11   Thumb Code    30  motor.o(i._ZN3PIDC1Ev)
    PID::PID__sub_object()                   0x08004c11   Thumb Code     0  motor.o(i._ZN3PIDC1Ev)
    Motor::Update_output(unsigned char*)     0x08004c39   Thumb Code   206  motor.o(i._ZN5Motor13Update_outputEPh)
    Motor::Get_limit(motor_type)             0x08004d0d   Thumb Code    56  motor.o(i._ZN5Motor9Get_limitE10motor_type)
    Motor::Set_range(int, int)               0x08004d45   Thumb Code    40  motor.o(i._ZN5Motor9Set_rangeEii)
    Motor::Motor(motor_type, motor_mode, unsigned, PID) 0x08004d6d   Thumb Code    58  motor.o(i._ZN5MotorC1E10motor_type10motor_modej3PID)
    Motor::Motor__sub_object(motor_type, motor_mode, unsigned, PID) 0x08004d6d   Thumb Code     0  motor.o(i._ZN5MotorC1E10motor_type10motor_modej3PID)
    __ARM_fpclassify                         0x08004da7   Thumb Code    48  fpclassify.o(i.__ARM_fpclassify)
    _is_digit                                0x08005131   Thumb Code    14  __printf_wp.o(i._is_digit)
    main                                     0x0800513f   Thumb Code    34  main.o(i.main)
    osDelay                                  0x0800516d   Thumb Code    14  cmsis_os.o(i.osDelay)
    osKernelStart                            0x0800517b   Thumb Code    10  cmsis_os.o(i.osKernelStart)
    osThreadCreate                           0x08005185   Thumb Code    84  cmsis_os.o(i.osThreadCreate)
    pvPortMalloc                             0x08005659   Thumb Code   216  heap_4.o(i.pvPortMalloc)
    pxPortInitialiseStack                    0x08005735   Thumb Code    40  port.o(i.pxPortInitialiseStack)
    uxListRemove                             0x08005761   Thumb Code    38  list.o(i.uxListRemove)
    vApplicationGetIdleTaskMemory            0x08005789   Thumb Code    16  freertos.o(i.vApplicationGetIdleTaskMemory)
    vListInitialise                          0x0800579d   Thumb Code    22  list.o(i.vListInitialise)
    vListInitialiseItem                      0x080057b3   Thumb Code     6  list.o(i.vListInitialiseItem)
    vListInsert                              0x080057b9   Thumb Code    48  list.o(i.vListInsert)
    vListInsertEnd                           0x080057e9   Thumb Code    24  list.o(i.vListInsertEnd)
    vPortEnterCritical                       0x08005801   Thumb Code    54  port.o(i.vPortEnterCritical)
    vPortExitCritical                        0x08005841   Thumb Code    34  port.o(i.vPortExitCritical)
    vPortFree                                0x08005869   Thumb Code    94  heap_4.o(i.vPortFree)
    vPortSetupTimerInterrupt                 0x080058cd   Thumb Code    32  port.o(i.vPortSetupTimerInterrupt)
    vPortValidateInterruptPriority           0x080058f1   Thumb Code    74  port.o(i.vPortValidateInterruptPriority)
    vTaskDelay                               0x08005945   Thumb Code    66  tasks.o(i.vTaskDelay)
    vTaskInternalSetTimeOutState             0x08005991   Thumb Code    12  tasks.o(i.vTaskInternalSetTimeOutState)
    vTaskMissedYield                         0x080059a1   Thumb Code     8  tasks.o(i.vTaskMissedYield)
    vTaskPlaceOnEventList                    0x080059ad   Thumb Code    44  tasks.o(i.vTaskPlaceOnEventList)
    vTaskStartScheduler                      0x080059dd   Thumb Code    90  tasks.o(i.vTaskStartScheduler)
    vTaskSuspendAll                          0x08005a49   Thumb Code    10  tasks.o(i.vTaskSuspendAll)
    vTaskSwitchContext                       0x08005a59   Thumb Code    82  tasks.o(i.vTaskSwitchContext)
    xPortStartScheduler                      0x08005ab5   Thumb Code   222  port.o(i.xPortStartScheduler)
    xQueueGenericCreate                      0x08005ba9   Thumb Code    66  queue.o(i.xQueueGenericCreate)
    xQueueGenericReset                       0x08005bed   Thumb Code   132  queue.o(i.xQueueGenericReset)
    xQueueGenericSendFromISR                 0x08005c75   Thumb Code   190  queue.o(i.xQueueGenericSendFromISR)
    xQueueReceive                            0x08005d35   Thumb Code   308  queue.o(i.xQueueReceive)
    xTaskCheckForTimeOut                     0x08005e6d   Thumb Code   112  tasks.o(i.xTaskCheckForTimeOut)
    xTaskCreate                              0x08005ee1   Thumb Code    90  tasks.o(i.xTaskCreate)
    xTaskCreateStatic                        0x08005f3b   Thumb Code    86  tasks.o(i.xTaskCreateStatic)
    xTaskGetSchedulerState                   0x08005f91   Thumb Code    22  tasks.o(i.xTaskGetSchedulerState)
    xTaskIncrementTick                       0x08005fad   Thumb Code   194  tasks.o(i.xTaskIncrementTick)
    xTaskPriorityDisinherit                  0x08006079   Thumb Code   144  tasks.o(i.xTaskPriorityDisinherit)
    xTaskRemoveFromEventList                 0x08006111   Thumb Code   108  tasks.o(i.xTaskRemoveFromEventList)
    xTaskResumeAll                           0x08006185   Thumb Code   182  tasks.o(i.xTaskResumeAll)
    _get_lc_numeric                          0x08006249   Thumb Code    44  lc_numeric_c.o(locale$$code)
    _get_lc_ctype                            0x08006275   Thumb Code    44  lc_ctype_c.o(locale$$code)
    __aeabi_d2f                              0x080062a1   Thumb Code     0  d2f.o(x$fpl$d2f)
    _d2f                                     0x080062a1   Thumb Code    98  d2f.o(x$fpl$d2f)
    __aeabi_dmul                             0x08006305   Thumb Code     0  dmul.o(x$fpl$dmul)
    _dmul                                    0x08006305   Thumb Code   332  dmul.o(x$fpl$dmul)
    __fpl_dnaninf                            0x08006459   Thumb Code   156  dnaninf.o(x$fpl$dnaninf)
    __fpl_dretinf                            0x080064f5   Thumb Code    12  dretinf.o(x$fpl$dretinf)
    __aeabi_f2d                              0x08006501   Thumb Code     0  f2d.o(x$fpl$f2d)
    _f2d                                     0x08006501   Thumb Code    86  f2d.o(x$fpl$f2d)
    __fpl_fnaninf                            0x08006557   Thumb Code   140  fnaninf.o(x$fpl$fnaninf)
    _fp_init                                 0x080065e3   Thumb Code    10  fpinit.o(x$fpl$fpinit)
    __fplib_config_fpu_vfp                   0x080065eb   Thumb Code     0  fpinit.o(x$fpl$fpinit)
    __fplib_config_pureend_doubles           0x080065eb   Thumb Code     0  fpinit.o(x$fpl$fpinit)
    __fpl_fretinf                            0x080065ed   Thumb Code    10  fretinf.o(x$fpl$fretinf)
    _printf_fp_dec                           0x080065f7   Thumb Code     4  printf1.o(x$fpl$printf1)
    _printf_fp_hex                           0x080065fb   Thumb Code     4  printf2.o(x$fpl$printf2)
    __I$use$fp                               0x080065fe   Number         0  usenofp.o(x$fpl$usenofp)
    CRC8_TAB                                 0x0800668c   Data         256  usart.o(.constdata)
    wCRC_Table                               0x0800678c   Data         512  usart.o(.constdata)
    AHBPrescTable                            0x08006994   Data          16  system_stm32f4xx.o(.constdata)
    APBPrescTable                            0x080069a4   Data           8  system_stm32f4xx.o(.constdata)
    Region$$Table$$Base                      0x08006afc   Number         0  anon$$obj.o(Region$$Table)
    Region$$Table$$Limit                     0x08006b1c   Number         0  anon$$obj.o(Region$$Table)
    __ctype                                  0x08006b45   Data           0  lc_ctype_c.o(locale$$data)
    SHT$$INIT_ARRAY$$Base                    0x08006c48   Number         0  motor.o(.init_array)
    SHT$$INIT_ARRAY$$Limit                   0x08006c4c   Number         0  init_aeabi.o(.init_array)
    Remote_Queue                             0x20000000   Data           4  freertos.o(.data)
    Imu_Queue                                0x20000004   Data           4  freertos.o(.data)
    Judgement_Queue                          0x20000008   Data           4  freertos.o(.data)
    RemoteDecodeTaskHandle                   0x2000000c   Data           4  freertos.o(.data)
    ImuDecodeTaskHandle                      0x20000010   Data           4  freertos.o(.data)
    MotorUpdateTaskHandle                    0x20000014   Data           4  freertos.o(.data)
    defaultTaskHandle                        0x20000018   Data           4  freertos.o(.data)
    CRC_INIT                                 0x2000001c   Data           2  usart.o(.data)
    test_len                                 0x20000020   Data           4  stm32f4xx_it.o(.data)
    uwTickFreq                               0x20000024   Data           1  stm32f4xx_hal.o(.data)
    uwTickPrio                               0x20000028   Data           4  stm32f4xx_hal.o(.data)
    uwTick                                   0x2000002c   Data           4  stm32f4xx_hal.o(.data)
    SystemCoreClock                          0x20000030   Data           4  system_stm32f4xx.o(.data)
    pxCurrentTCB                             0x20000034   Data           4  tasks.o(.data)
    cur_cal_value                            0x2000009c   Data           4  motor.o(.data)
    hcan1_rx_temp                            0x200002f4   Data          36  can.o(.bss)
    hcan2_rx_temp                            0x20000318   Data          36  can.o(.bss)
    hcan1_tx_temp                            0x2000033c   Data          36  can.o(.bss)
    hcan2_tx_temp                            0x20000360   Data          36  can.o(.bss)
    hcan1                                    0x20000384   Data          40  can.o(.bss)
    hcan2                                    0x200003ac   Data          40  can.o(.bss)
    UartTxBuf                                0x200003d4   Data         128  usart.o(.bss)
    uart1_rx_buf                             0x20000454   Data         100  usart.o(.bss)
    uart2_rx_buf                             0x200004b8   Data         100  usart.o(.bss)
    uart4_rx_buf                             0x2000051c   Data         100  usart.o(.bss)
    uart6_rx_buf                             0x20000580   Data         100  usart.o(.bss)
    huart4                                   0x200005e4   Data          68  usart.o(.bss)
    huart1                                   0x20000628   Data          68  usart.o(.bss)
    huart2                                   0x2000066c   Data          68  usart.o(.bss)
    huart6                                   0x200006b0   Data          68  usart.o(.bss)
    hdma_uart4_rx                            0x200006f4   Data          96  usart.o(.bss)
    hdma_usart1_rx                           0x20000754   Data          96  usart.o(.bss)
    hdma_usart1_tx                           0x200007b4   Data          96  usart.o(.bss)
    hdma_usart2_rx                           0x20000814   Data          96  usart.o(.bss)
    hdma_usart6_rx                           0x20000874   Data          96  usart.o(.bss)
    hdma_usart6_tx                           0x200008d4   Data          96  usart.o(.bss)
    htim1                                    0x20000934   Data          72  stm32f4xx_hal_timebase_tim.o(.bss)
    m_remote                                 0x2000466c   Data          28  data_container.o(.bss)
    m_imu                                    0x20004688   Data          52  data_container.o(.bss)
    m_judgement                              0x200046bc   Data         207  data_container.o(.bss)
    can1_data                                0x2000478b   Data          64  data_container.o(.bss)
    can2_data                                0x200047cb   Data          64  data_container.o(.bss)
    output_can1_data                         0x2000480c   Data          16  motor.o(.bss)
    output_can2_data                         0x2000481c   Data          16  motor.o(.bss)
    can1_motor                               0x2000482c   Data         960  motor.o(.bss)
    can2_motor                               0x20004bec   Data         960  motor.o(.bss)
    __libspace_start                         0x20004fac   Data          96  libspace.o(.bss)
    __temporary_stack_top$libspace           0x2000500c   Data           0  libspace.o(.bss)



==============================================================================

Memory Map of the image

  Image Entry point : 0x08000189

  Load Region LR_IROM1 (Base: 0x08000000, Size: 0x00006cec, Max: 0x00100000, ABSOLUTE)

    Execution Region ER_IROM1 (Base: 0x08000000, Size: 0x00006c4c, Max: 0x00100000, ABSOLUTE)

    Base Addr    Size         Type   Attr      Idx    E Section Name        Object

    0x08000000   0x00000188   Data   RO            3    RESET               startup_stm32f405xx.o
    0x08000188   0x00000008   Code   RO         5536  * !!!main             c_w.l(__main.o)
    0x08000190   0x00000034   Code   RO         5985    !!!scatter          c_w.l(__scatter.o)
    0x080001c4   0x0000001a   Code   RO         5987    !!handler_copy      c_w.l(__scatter_copy.o)
    0x080001de   0x00000002   PAD
    0x080001e0   0x0000001c   Code   RO         5989    !!handler_zi        c_w.l(__scatter_zi.o)
    0x080001fc   0x00000000   Code   RO         5691    .ARM.Collect$$_printf_percent$$00000000  c_w.l(_printf_percent.o)
    0x080001fc   0x00000006   Code   RO         5680    .ARM.Collect$$_printf_percent$$00000001  c_w.l(_printf_n.o)
    0x08000202   0x00000006   Code   RO         5682    .ARM.Collect$$_printf_percent$$00000002  c_w.l(_printf_p.o)
    0x08000208   0x00000006   Code   RO         5687    .ARM.Collect$$_printf_percent$$00000003  c_w.l(_printf_f.o)
    0x0800020e   0x00000006   Code   RO         5688    .ARM.Collect$$_printf_percent$$00000004  c_w.l(_printf_e.o)
    0x08000214   0x00000006   Code   RO         5689    .ARM.Collect$$_printf_percent$$00000005  c_w.l(_printf_g.o)
    0x0800021a   0x00000006   Code   RO         5690    .ARM.Collect$$_printf_percent$$00000006  c_w.l(_printf_a.o)
    0x08000220   0x0000000a   Code   RO         5695    .ARM.Collect$$_printf_percent$$00000007  c_w.l(_printf_ll.o)
    0x0800022a   0x00000006   Code   RO         5684    .ARM.Collect$$_printf_percent$$00000008  c_w.l(_printf_i.o)
    0x08000230   0x00000006   Code   RO         5685    .ARM.Collect$$_printf_percent$$00000009  c_w.l(_printf_d.o)
    0x08000236   0x00000006   Code   RO         5686    .ARM.Collect$$_printf_percent$$0000000A  c_w.l(_printf_u.o)
    0x0800023c   0x00000006   Code   RO         5683    .ARM.Collect$$_printf_percent$$0000000B  c_w.l(_printf_o.o)
    0x08000242   0x00000006   Code   RO         5681    .ARM.Collect$$_printf_percent$$0000000C  c_w.l(_printf_x.o)
    0x08000248   0x00000006   Code   RO         5692    .ARM.Collect$$_printf_percent$$0000000D  c_w.l(_printf_lli.o)
    0x0800024e   0x00000006   Code   RO         5693    .ARM.Collect$$_printf_percent$$0000000E  c_w.l(_printf_lld.o)
    0x08000254   0x00000006   Code   RO         5694    .ARM.Collect$$_printf_percent$$0000000F  c_w.l(_printf_llu.o)
    0x0800025a   0x00000006   Code   RO         5699    .ARM.Collect$$_printf_percent$$00000010  c_w.l(_printf_llo.o)
    0x08000260   0x00000006   Code   RO         5700    .ARM.Collect$$_printf_percent$$00000011  c_w.l(_printf_llx.o)
    0x08000266   0x0000000a   Code   RO         5696    .ARM.Collect$$_printf_percent$$00000012  c_w.l(_printf_l.o)
    0x08000270   0x00000006   Code   RO         5678    .ARM.Collect$$_printf_percent$$00000013  c_w.l(_printf_c.o)
    0x08000276   0x00000006   Code   RO         5679    .ARM.Collect$$_printf_percent$$00000014  c_w.l(_printf_s.o)
    0x0800027c   0x00000006   Code   RO         5697    .ARM.Collect$$_printf_percent$$00000015  c_w.l(_printf_lc.o)
    0x08000282   0x00000006   Code   RO         5698    .ARM.Collect$$_printf_percent$$00000016  c_w.l(_printf_ls.o)
    0x08000288   0x00000004   Code   RO         5836    .ARM.Collect$$_printf_percent$$00000017  c_w.l(_printf_percent_end.o)
    0x0800028c   0x00000002   Code   RO         5915    .ARM.Collect$$libinit$$00000000  c_w.l(libinit.o)
    0x0800028e   0x00000004   Code   RO         5705    .ARM.Collect$$libinit$$00000001  c_w.l(libinit2.o)
    0x08000292   0x00000000   Code   RO         5708    .ARM.Collect$$libinit$$00000004  c_w.l(libinit2.o)
    0x08000292   0x00000008   Code   RO         5709    .ARM.Collect$$libinit$$00000005  c_w.l(libinit2.o)
    0x0800029a   0x00000000   Code   RO         5711    .ARM.Collect$$libinit$$0000000A  c_w.l(libinit2.o)
    0x0800029a   0x00000000   Code   RO         5713    .ARM.Collect$$libinit$$0000000C  c_w.l(libinit2.o)
    0x0800029a   0x00000000   Code   RO         5715    .ARM.Collect$$libinit$$0000000E  c_w.l(libinit2.o)
    0x0800029a   0x00000006   Code   RO         5716    .ARM.Collect$$libinit$$0000000F  c_w.l(libinit2.o)
    0x080002a0   0x00000000   Code   RO         5718    .ARM.Collect$$libinit$$00000011  c_w.l(libinit2.o)
    0x080002a0   0x0000000c   Code   RO         5719    .ARM.Collect$$libinit$$00000012  c_w.l(libinit2.o)
    0x080002ac   0x00000000   Code   RO         5720    .ARM.Collect$$libinit$$00000013  c_w.l(libinit2.o)
    0x080002ac   0x00000000   Code   RO         5722    .ARM.Collect$$libinit$$00000015  c_w.l(libinit2.o)
    0x080002ac   0x0000000a   Code   RO         5723    .ARM.Collect$$libinit$$00000016  c_w.l(libinit2.o)
    0x080002b6   0x00000000   Code   RO         5724    .ARM.Collect$$libinit$$00000017  c_w.l(libinit2.o)
    0x080002b6   0x00000000   Code   RO         5726    .ARM.Collect$$libinit$$00000019  c_w.l(libinit2.o)
    0x080002b6   0x00000000   Code   RO         5728    .ARM.Collect$$libinit$$0000001B  c_w.l(libinit2.o)
    0x080002b6   0x00000000   Code   RO         5730    .ARM.Collect$$libinit$$0000001D  c_w.l(libinit2.o)
    0x080002b6   0x00000000   Code   RO         5732    .ARM.Collect$$libinit$$0000001F  c_w.l(libinit2.o)
    0x080002b6   0x00000000   Code   RO         5734    .ARM.Collect$$libinit$$00000021  c_w.l(libinit2.o)
    0x080002b6   0x00000000   Code   RO         5736    .ARM.Collect$$libinit$$00000023  c_w.l(libinit2.o)
    0x080002b6   0x00000000   Code   RO         5738    .ARM.Collect$$libinit$$00000025  c_w.l(libinit2.o)
    0x080002b6   0x00000000   Code   RO         5742    .ARM.Collect$$libinit$$0000002C  c_w.l(libinit2.o)
    0x080002b6   0x00000000   Code   RO         5744    .ARM.Collect$$libinit$$0000002E  c_w.l(libinit2.o)
    0x080002b6   0x00000000   Code   RO         5746    .ARM.Collect$$libinit$$00000030  c_w.l(libinit2.o)
    0x080002b6   0x00000004   Code   RO         5747    .ARM.Collect$$libinit$$00000031  c_w.l(libinit2.o)
    0x080002ba   0x00000000   Code   RO         5748    .ARM.Collect$$libinit$$00000032  c_w.l(libinit2.o)
    0x080002ba   0x00000002   Code   RO         5749    .ARM.Collect$$libinit$$00000033  c_w.l(libinit2.o)
    0x080002bc   0x00000002   Code   RO         5982    .ARM.Collect$$libshutdown$$00000000  c_w.l(libshutdown.o)
    0x080002be   0x00000000   Code   RO         5940    .ARM.Collect$$libshutdown$$00000002  c_w.l(libshutdown2.o)
    0x080002be   0x00000000   Code   RO         5942    .ARM.Collect$$libshutdown$$00000004  c_w.l(libshutdown2.o)
    0x080002be   0x00000000   Code   RO         5945    .ARM.Collect$$libshutdown$$00000007  c_w.l(libshutdown2.o)
    0x080002be   0x00000000   Code   RO         5948    .ARM.Collect$$libshutdown$$0000000A  c_w.l(libshutdown2.o)
    0x080002be   0x00000000   Code   RO         5950    .ARM.Collect$$libshutdown$$0000000C  c_w.l(libshutdown2.o)
    0x080002be   0x00000000   Code   RO         5953    .ARM.Collect$$libshutdown$$0000000F  c_w.l(libshutdown2.o)
    0x080002be   0x00000002   Code   RO         5954    .ARM.Collect$$libshutdown$$00000010  c_w.l(libshutdown2.o)
    0x080002c0   0x00000000   Code   RO         5576    .ARM.Collect$$rtentry$$00000000  c_w.l(__rtentry.o)
    0x080002c0   0x00000000   Code   RO         5792    .ARM.Collect$$rtentry$$00000002  c_w.l(__rtentry2.o)
    0x080002c0   0x00000006   Code   RO         5804    .ARM.Collect$$rtentry$$00000004  c_w.l(__rtentry4.o)
    0x080002c6   0x00000000   Code   RO         5794    .ARM.Collect$$rtentry$$00000009  c_w.l(__rtentry2.o)
    0x080002c6   0x00000004   Code   RO         5795    .ARM.Collect$$rtentry$$0000000A  c_w.l(__rtentry2.o)
    0x080002ca   0x00000000   Code   RO         5797    .ARM.Collect$$rtentry$$0000000C  c_w.l(__rtentry2.o)
    0x080002ca   0x00000008   Code   RO         5798    .ARM.Collect$$rtentry$$0000000D  c_w.l(__rtentry2.o)
    0x080002d2   0x00000002   Code   RO         5922    .ARM.Collect$$rtexit$$00000000  c_w.l(rtexit.o)
    0x080002d4   0x00000000   Code   RO         5958    .ARM.Collect$$rtexit$$00000002  c_w.l(rtexit2.o)
    0x080002d4   0x00000004   Code   RO         5959    .ARM.Collect$$rtexit$$00000003  c_w.l(rtexit2.o)
    0x080002d8   0x00000006   Code   RO         5960    .ARM.Collect$$rtexit$$00000004  c_w.l(rtexit2.o)
    0x080002de   0x00000002   PAD
    0x080002e0   0x000000be   Code   RO         4708    .emb_text           port.o
    0x0800039e   0x00000002   PAD
    0x080003a0   0x00000000   Code   RO         5815    .emb_text           c_w.l(maybetermalloc1.o)
    0x080003a0   0x00000040   Code   RO            4    .text               startup_stm32f405xx.o
    0x080003e0   0x0000005e   Code   RO         5464    .text               c_w.l(h1_alloc.o)
    0x0800043e   0x0000004e   Code   RO         5466    .text               c_w.l(h1_free.o)
    0x0800048c   0x000000ee   Code   RO         5522    .text               c_w.l(lludivv7m.o)
    0x0800057a   0x00000002   PAD
    0x0800057c   0x00000034   Code   RO         5524    .text               c_w.l(vsnprintf.o)
    0x080005b0   0x0000008a   Code   RO         5526    .text               c_w.l(rt_memcpy_v6.o)
    0x0800063a   0x00000064   Code   RO         5528    .text               c_w.l(rt_memcpy_w.o)
    0x0800069e   0x0000004e   Code   RO         5532    .text               c_w.l(rt_memclr_w.o)
    0x080006ec   0x00000006   Code   RO         5534    .text               c_w.l(heapauxi.o)
    0x080006f2   0x00000002   PAD
    0x080006f4   0x00000024   Code   RO         5541    .text               c_w.l(init_aeabi.o)
    0x08000718   0x00000008   Code   RO         5584    .text               c_w.l(rt_heap_descriptor_intlibspace.o)
    0x08000720   0x00000004   Code   RO         5586    .text               c_w.l(hguard.o)
    0x08000724   0x0000008a   Code   RO         5588    .text               c_w.l(init_alloc.o)
    0x080007ae   0x0000000e   Code   RO         5592    .text               c_w.l(h1_init.o)
    0x080007bc   0x0000004e   Code   RO         5610    .text               c_w.l(_printf_pad.o)
    0x0800080a   0x00000024   Code   RO         5612    .text               c_w.l(_printf_truncate.o)
    0x0800082e   0x00000052   Code   RO         5614    .text               c_w.l(_printf_str.o)
    0x08000880   0x00000078   Code   RO         5616    .text               c_w.l(_printf_dec.o)
    0x080008f8   0x00000028   Code   RO         5618    .text               c_w.l(_printf_charcount.o)
    0x08000920   0x00000030   Code   RO         5620    .text               c_w.l(_printf_char_common.o)
    0x08000950   0x0000000a   Code   RO         5622    .text               c_w.l(_sputc.o)
    0x0800095a   0x00000010   Code   RO         5624    .text               c_w.l(_snputc.o)
    0x0800096a   0x00000002   PAD
    0x0800096c   0x000000bc   Code   RO         5626    .text               c_w.l(_printf_wctomb.o)
    0x08000a28   0x0000007c   Code   RO         5629    .text               c_w.l(_printf_longlong_dec.o)
    0x08000aa4   0x00000070   Code   RO         5635    .text               c_w.l(_printf_oct_int_ll.o)
    0x08000b14   0x00000094   Code   RO         5655    .text               c_w.l(_printf_hex_int_ll_ptr.o)
    0x08000ba8   0x00000188   Code   RO         5675    .text               c_w.l(__printf_flags_ss_wp.o)
    0x08000d30   0x00000008   Code   RO         5788    .text               c_w.l(libspace.o)
    0x08000d38   0x00000034   Code   RO         5817    .text               c_w.l(h1_extend.o)
    0x08000d6c   0x0000008a   Code   RO         5821    .text               c_w.l(lludiv10.o)
    0x08000df6   0x000000b2   Code   RO         5823    .text               c_w.l(_printf_intcommon.o)
    0x08000ea8   0x0000041a   Code   RO         5825    .text               c_w.l(_printf_fp_dec.o)
    0x080012c2   0x00000002   PAD
    0x080012c4   0x000002fc   Code   RO         5827    .text               c_w.l(_printf_fp_hex.o)
    0x080015c0   0x0000002c   Code   RO         5832    .text               c_w.l(_printf_char.o)
    0x080015ec   0x0000002c   Code   RO         5834    .text               c_w.l(_printf_wchar.o)
    0x08001618   0x00000040   Code   RO         5837    .text               c_w.l(_wcrtomb.o)
    0x08001658   0x0000000e   Code   RO         5839    .text               c_w.l(defsig_rtmem_outer.o)
    0x08001666   0x00000002   Code   RO         5850    .text               c_w.l(use_no_semi.o)
    0x08001668   0x00000000   Code   RO         5852    .text               c_w.l(indicate_semi.o)
    0x08001668   0x0000004a   Code   RO         5853    .text               c_w.l(sys_stackheap_outer.o)
    0x080016b2   0x00000002   PAD
    0x080016b4   0x00000010   Code   RO         5855    .text               c_w.l(rt_ctype_table.o)
    0x080016c4   0x00000008   Code   RO         5862    .text               c_w.l(rt_locale_intlibspace.o)
    0x080016cc   0x00000080   Code   RO         5866    .text               c_w.l(_printf_fp_infnan.o)
    0x0800174c   0x000000dc   Code   RO         5868    .text               c_w.l(bigflt0.o)
    0x08001828   0x00000012   Code   RO         5896    .text               c_w.l(exit.o)
    0x0800183a   0x0000000a   Code   RO         5898    .text               c_w.l(defsig_exit.o)
    0x08001844   0x00000050   Code   RO         5904    .text               c_w.l(defsig_rtmem_inner.o)
    0x08001894   0x0000000c   Code   RO         5920    .text               c_w.l(sys_exit.o)
    0x080018a0   0x00000032   Code   RO         5933    .text               c_w.l(defsig_general.o)
    0x080018d2   0x00000002   PAD
    0x080018d4   0x00000080   Code   RO         5937    .text               c_w.l(strcmpv7m.o)
    0x08001954   0x0000000e   Code   RO         5955    .text               c_w.l(sys_wrch.o)
    0x08001962   0x0000003e   Code   RO         5871    CL$$btod_d2e        c_w.l(btod.o)
    0x080019a0   0x00000046   Code   RO         5873    CL$$btod_d2e_denorm_low  c_w.l(btod.o)
    0x080019e6   0x00000060   Code   RO         5872    CL$$btod_d2e_norm_op1  c_w.l(btod.o)
    0x08001a46   0x00000338   Code   RO         5881    CL$$btod_div_common  c_w.l(btod.o)
    0x08001d7e   0x000000c6   Code   RO         5878    CL$$btod_e2e        c_w.l(btod.o)
    0x08001e44   0x00000028   Code   RO         5875    CL$$btod_ediv       c_w.l(btod.o)
    0x08001e6c   0x00000028   Code   RO         5874    CL$$btod_emul       c_w.l(btod.o)
    0x08001e94   0x00000244   Code   RO         5880    CL$$btod_mult_common  c_w.l(btod.o)
    0x080020d8   0x00000002   Code   RO          551    i.BusFault_Handler  stm32f4xx_it.o
    0x080020da   0x00000002   PAD
    0x080020dc   0x0000000c   Code   RO          552    i.CAN1_RX0_IRQHandler  stm32f4xx_it.o
    0x080020e8   0x0000000c   Code   RO          553    i.CAN2_RX0_IRQHandler  stm32f4xx_it.o
    0x080020f4   0x0000000c   Code   RO          554    i.DMA1_Stream2_IRQHandler  stm32f4xx_it.o
    0x08002100   0x0000000c   Code   RO          555    i.DMA1_Stream5_IRQHandler  stm32f4xx_it.o
    0x0800210c   0x0000000c   Code   RO          556    i.DMA2_Stream1_IRQHandler  stm32f4xx_it.o
    0x08002118   0x0000000c   Code   RO          557    i.DMA2_Stream2_IRQHandler  stm32f4xx_it.o
    0x08002124   0x0000000c   Code   RO          558    i.DMA2_Stream6_IRQHandler  stm32f4xx_it.o
    0x08002130   0x0000000c   Code   RO          559    i.DMA2_Stream7_IRQHandler  stm32f4xx_it.o
    0x0800213c   0x00000028   Code   RO         1450    i.DMA_CalcBaseAndBitshift  stm32f4xx_hal_dma.o
    0x08002164   0x00000054   Code   RO         1451    i.DMA_CheckFifoParam  stm32f4xx_hal_dma.o
    0x080021b8   0x00000028   Code   RO         1452    i.DMA_SetConfig     stm32f4xx_hal_dma.o
    0x080021e0   0x00000002   Code   RO          560    i.DebugMon_Handler  stm32f4xx_it.o
    0x080021e2   0x00000004   Code   RO           13    i.Error_Handler     main.o
    0x080021e6   0x00000002   PAD
    0x080021e8   0x0000002c   Code   RO          428    i.GetCRC16CheckSum  usart.o
    0x08002214   0x0000001c   Code   RO          429    i.GetCRC8CheckSum   usart.o
    0x08002230   0x00000024   Code   RO          758    i.HAL_CAN_ActivateNotification  stm32f4xx_hal_can.o
    0x08002254   0x00000002   Code   RO          763    i.HAL_CAN_ErrorCallback  stm32f4xx_hal_can.o
    0x08002256   0x000000e8   Code   RO          766    i.HAL_CAN_GetRxMessage  stm32f4xx_hal_can.o
    0x0800233e   0x000001fc   Code   RO          770    i.HAL_CAN_IRQHandler  stm32f4xx_hal_can.o
    0x0800253a   0x00000002   Code   RO          778    i.HAL_CAN_RxFifo0FullCallback  stm32f4xx_hal_can.o
    0x0800253c   0x00000078   Code   RO          323    i.HAL_CAN_RxFifo0MsgPendingCallback  can.o
    0x080025b4   0x00000002   Code   RO          780    i.HAL_CAN_RxFifo1FullCallback  stm32f4xx_hal_can.o
    0x080025b6   0x00000002   Code   RO          781    i.HAL_CAN_RxFifo1MsgPendingCallback  stm32f4xx_hal_can.o
    0x080025b8   0x00000002   Code   RO          782    i.HAL_CAN_SleepCallback  stm32f4xx_hal_can.o
    0x080025ba   0x00000002   Code   RO          785    i.HAL_CAN_TxMailbox0AbortCallback  stm32f4xx_hal_can.o
    0x080025bc   0x00000002   Code   RO          786    i.HAL_CAN_TxMailbox0CompleteCallback  stm32f4xx_hal_can.o
    0x080025be   0x00000002   Code   RO          787    i.HAL_CAN_TxMailbox1AbortCallback  stm32f4xx_hal_can.o
    0x080025c0   0x00000002   Code   RO          788    i.HAL_CAN_TxMailbox1CompleteCallback  stm32f4xx_hal_can.o
    0x080025c2   0x00000002   Code   RO          789    i.HAL_CAN_TxMailbox2AbortCallback  stm32f4xx_hal_can.o
    0x080025c4   0x00000002   Code   RO          790    i.HAL_CAN_TxMailbox2CompleteCallback  stm32f4xx_hal_can.o
    0x080025c6   0x00000002   Code   RO          792    i.HAL_CAN_WakeUpFromRxMsgCallback  stm32f4xx_hal_can.o
    0x080025c8   0x00000092   Code   RO         1453    i.HAL_DMA_Abort     stm32f4xx_hal_dma.o
    0x0800265a   0x00000024   Code   RO         1454    i.HAL_DMA_Abort_IT  stm32f4xx_hal_dma.o
    0x0800267e   0x00000002   PAD
    0x08002680   0x000001a0   Code   RO         1458    i.HAL_DMA_IRQHandler  stm32f4xx_hal_dma.o
    0x08002820   0x000000d4   Code   RO         1459    i.HAL_DMA_Init      stm32f4xx_hal_dma.o
    0x080028f4   0x0000006e   Code   RO         1463    i.HAL_DMA_Start_IT  stm32f4xx_hal_dma.o
    0x08002962   0x00000002   PAD
    0x08002964   0x000001f0   Code   RO         1346    i.HAL_GPIO_Init     stm32f4xx_hal_gpio.o
    0x08002b54   0x0000000c   Code   RO         1878    i.HAL_GetTick       stm32f4xx_hal.o
    0x08002b60   0x00000010   Code   RO         1884    i.HAL_IncTick       stm32f4xx_hal.o
    0x08002b70   0x00000034   Code   RO         1885    i.HAL_Init          stm32f4xx_hal.o
    0x08002ba4   0x0000008c   Code   RO          718    i.HAL_InitTick      stm32f4xx_hal_timebase_tim.o
    0x08002c30   0x00000038   Code   RO          694    i.HAL_MspInit       stm32f4xx_hal_msp.o
    0x08002c68   0x0000001a   Code   RO         1735    i.HAL_NVIC_EnableIRQ  stm32f4xx_hal_cortex.o
    0x08002c82   0x00000002   PAD
    0x08002c84   0x00000040   Code   RO         1741    i.HAL_NVIC_SetPriority  stm32f4xx_hal_cortex.o
    0x08002cc4   0x00000024   Code   RO         1742    i.HAL_NVIC_SetPriorityGrouping  stm32f4xx_hal_cortex.o
    0x08002ce8   0x00000134   Code   RO          992    i.HAL_RCC_ClockConfig  stm32f4xx_hal_rcc.o
    0x08002e1c   0x00000040   Code   RO          996    i.HAL_RCC_GetClockConfig  stm32f4xx_hal_rcc.o
    0x08002e5c   0x00000020   Code   RO          999    i.HAL_RCC_GetPCLK1Freq  stm32f4xx_hal_rcc.o
    0x08002e7c   0x00000020   Code   RO         1000    i.HAL_RCC_GetPCLK2Freq  stm32f4xx_hal_rcc.o
    0x08002e9c   0x00000064   Code   RO         1001    i.HAL_RCC_GetSysClockFreq  stm32f4xx_hal_rcc.o
    0x08002f00   0x0000036c   Code   RO         1004    i.HAL_RCC_OscConfig  stm32f4xx_hal_rcc.o
    0x0800326c   0x00000002   Code   RO         2829    i.HAL_TIMEx_BreakCallback  stm32f4xx_hal_tim_ex.o
    0x0800326e   0x00000002   Code   RO         2830    i.HAL_TIMEx_CommutCallback  stm32f4xx_hal_tim_ex.o
    0x08003270   0x0000005a   Code   RO         2125    i.HAL_TIM_Base_Init  stm32f4xx_hal_tim.o
    0x080032ca   0x00000002   Code   RO         2127    i.HAL_TIM_Base_MspInit  stm32f4xx_hal_tim.o
    0x080032cc   0x00000080   Code   RO         2130    i.HAL_TIM_Base_Start_IT  stm32f4xx_hal_tim.o
    0x0800334c   0x00000002   Code   RO         2159    i.HAL_TIM_IC_CaptureCallback  stm32f4xx_hal_tim.o
    0x0800334e   0x00000166   Code   RO         2173    i.HAL_TIM_IRQHandler  stm32f4xx_hal_tim.o
    0x080034b4   0x00000002   Code   RO         2176    i.HAL_TIM_OC_DelayElapsedCallback  stm32f4xx_hal_tim.o
    0x080034b6   0x00000002   Code   RO         2203    i.HAL_TIM_PWM_PulseFinishedCallback  stm32f4xx_hal_tim.o
    0x080034b8   0x00000014   Code   RO           14    i.HAL_TIM_PeriodElapsedCallback  main.o
    0x080034cc   0x00000002   Code   RO         2216    i.HAL_TIM_TriggerCallback  stm32f4xx_hal_tim.o
    0x080034ce   0x00000002   Code   RO         3107    i.HAL_UARTEx_RxEventCallback  stm32f4xx_hal_uart.o
    0x080034d0   0x00000002   Code   RO         3121    i.HAL_UART_ErrorCallback  stm32f4xx_hal_uart.o
    0x080034d2   0x00000002   PAD
    0x080034d4   0x00000268   Code   RO         3124    i.HAL_UART_IRQHandler  stm32f4xx_hal_uart.o
    0x0800373c   0x00000062   Code   RO         3125    i.HAL_UART_Init     stm32f4xx_hal_uart.o
    0x0800379e   0x00000002   PAD
    0x080037a0   0x00000368   Code   RO          431    i.HAL_UART_MspInit  usart.o
    0x08003b08   0x0000002a   Code   RO         3129    i.HAL_UART_Receive_DMA  stm32f4xx_hal_uart.o
    0x08003b32   0x00000002   Code   RO         3131    i.HAL_UART_RxCpltCallback  stm32f4xx_hal_uart.o
    0x08003b34   0x00000002   Code   RO         3132    i.HAL_UART_RxHalfCpltCallback  stm32f4xx_hal_uart.o
    0x08003b36   0x00000002   PAD
    0x08003b38   0x000000b2   Code   RO         3133    i.HAL_UART_Transmit  stm32f4xx_hal_uart.o
    0x08003bea   0x00000002   Code   RO         3136    i.HAL_UART_TxCpltCallback  stm32f4xx_hal_uart.o
    0x08003bec   0x00000002   Code   RO          561    i.HardFault_Handler  stm32f4xx_it.o
    0x08003bee   0x0000001e   Code   RO         4791    i.Imu_Check_Sum     data_container.o
    0x08003c0c   0x00000234   Code   RO         4792    i.Imu_Decode        data_container.o
    0x08003e40   0x0000008c   Code   RO          402    i.MX_DMA_Init       dma.o
    0x08003ecc   0x000000b4   Code   RO          238    i.MX_FREERTOS_Init  freertos.o
    0x08003f80   0x0000004c   Code   RO          214    i.MX_GPIO_Init      gpio.o
    0x08003fcc   0x0000005c   Code   RO          432    i.MX_UART4_Init     usart.o
    0x08004028   0x0000005c   Code   RO          434    i.MX_USART2_UART_Init  usart.o
    0x08004084   0x00000002   Code   RO          562    i.MemManage_Handler  stm32f4xx_it.o
    0x08004086   0x00000002   PAD
    0x08004088   0x0000004c   Code   RO         5056    i.MotorUpdate       motor.o
    0x080040d4   0x00000002   Code   RO          563    i.NMI_Handler       stm32f4xx_it.o
    0x080040d6   0x00000002   PAD
    0x080040d8   0x000000bc   Code   RO         4794    i.Remote_Decode     data_container.o
    0x08004194   0x00000008   Code   RO          239    i.StartDefaultTask  freertos.o
    0x0800419c   0x00000038   Code   RO          240    i.StartImuDecode    freertos.o
    0x080041d4   0x00000020   Code   RO          241    i.StartJudgementDecode  freertos.o
    0x080041f4   0x00000020   Code   RO          242    i.StartRemoteDecode  freertos.o
    0x08004214   0x0000002c   Code   RO         4709    i.SysTick_Handler   port.o
    0x08004240   0x00000098   Code   RO           15    i.SystemClock_Config  main.o
    0x080042d8   0x00000010   Code   RO         3454    i.SystemInit        system_stm32f4xx.o
    0x080042e8   0x0000000c   Code   RO          564    i.TIM1_UP_TIM10_IRQHandler  stm32f4xx_it.o
    0x080042f4   0x000000c8   Code   RO         2218    i.TIM_Base_SetConfig  stm32f4xx_hal_tim.o
    0x080043bc   0x000000e4   Code   RO          565    i.UART4_IRQHandler  stm32f4xx_it.o
    0x080044a0   0x00000010   Code   RO         3138    i.UART_DMAAbortOnError  stm32f4xx_hal_uart.o
    0x080044b0   0x0000004a   Code   RO         3139    i.UART_DMAError     stm32f4xx_hal_uart.o
    0x080044fa   0x00000082   Code   RO         3140    i.UART_DMAReceiveCplt  stm32f4xx_hal_uart.o
    0x0800457c   0x0000001a   Code   RO         3142    i.UART_DMARxHalfCplt  stm32f4xx_hal_uart.o
    0x08004596   0x0000004e   Code   RO         3148    i.UART_EndRxTransfer  stm32f4xx_hal_uart.o
    0x080045e4   0x0000001c   Code   RO         3149    i.UART_EndTxTransfer  stm32f4xx_hal_uart.o
    0x08004600   0x000000c0   Code   RO         3150    i.UART_Receive_IT   stm32f4xx_hal_uart.o
    0x080046c0   0x0000010c   Code   RO         3151    i.UART_SetConfig    stm32f4xx_hal_uart.o
    0x080047cc   0x00000094   Code   RO         3152    i.UART_Start_Receive_DMA  stm32f4xx_hal_uart.o
    0x08004860   0x00000078   Code   RO         3154    i.UART_WaitOnFlagUntilTimeout  stm32f4xx_hal_uart.o
    0x080048d8   0x0000000c   Code   RO          566    i.USART1_IRQHandler  stm32f4xx_it.o
    0x080048e4   0x00000090   Code   RO          567    i.USART2_IRQHandler  stm32f4xx_it.o
    0x08004974   0x000000e0   Code   RO          568    i.USART6_IRQHandler  stm32f4xx_it.o
    0x08004a54   0x00000058   Code   RO          438    i.UartPrintf        usart.o
    0x08004aac   0x00000002   Code   RO          569    i.UsageFault_Handler  stm32f4xx_it.o
    0x08004aae   0x00000002   PAD
    0x08004ab0   0x0000003c   Code   RO          440    i.VerifyCRC16CheckSum  usart.o
    0x08004aec   0x00000026   Code   RO          441    i.VerifyCRC8CheckSum  usart.o
    0x08004b12   0x00000002   PAD
    0x08004b14   0x0000005c   Code   RO         4855    i._ZN3PID5DeltaEf   controller.o
    0x08004b70   0x00000098   Code   RO         4856    i._ZN3PID8PositionEf  controller.o
    0x08004c08   0x00000006   Code   RO         5143    i._ZN3PIDC1Effff    motor.o
    0x08004c0e   0x00000002   PAD
    0x08004c10   0x00000028   Code   RO         5137    i._ZN3PIDC1Ev       motor.o
    0x08004c38   0x000000d4   Code   RO         5061    i._ZN5Motor13Update_outputEPh  motor.o
    0x08004d0c   0x00000038   Code   RO         5062    i._ZN5Motor9Get_limitE10motor_type  motor.o
    0x08004d44   0x00000028   Code   RO         5063    i._ZN5Motor9Set_rangeEii  motor.o
    0x08004d6c   0x0000003a   Code   RO         5064    i._ZN5MotorC1E10motor_type10motor_modej3PID  motor.o
    0x08004da6   0x00000030   Code   RO         5918    i.__ARM_fpclassify  m_wm.l(fpclassify.o)
    0x08004dd6   0x00000020   Code   RO         1748    i.__NVIC_SetPriority  stm32f4xx_hal_cortex.o
    0x08004df6   0x00000002   PAD
    0x08004df8   0x00000338   Code   RO         5066    i.__sti___9_Motor_cpp_fdc11edf  motor.o
    0x08005130   0x0000000e   Code   RO         5668    i._is_digit         c_w.l(__printf_wp.o)
    0x0800513e   0x00000022   Code   RO           16    i.main              main.o
    0x08005160   0x0000000c   Code   RO         4274    i.makeFreeRtosPriority  cmsis_os.o
    0x0800516c   0x0000000e   Code   RO         4276    i.osDelay           cmsis_os.o
    0x0800517a   0x0000000a   Code   RO         4279    i.osKernelStart     cmsis_os.o
    0x08005184   0x00000054   Code   RO         4313    i.osThreadCreate    cmsis_os.o
    0x080051d8   0x00000070   Code   RO         3956    i.prvAddCurrentTaskToDelayedList  tasks.o
    0x08005248   0x000000d0   Code   RO         3957    i.prvAddNewTaskToReadyList  tasks.o
    0x08005318   0x00000026   Code   RO         3632    i.prvCopyDataFromQueue  queue.o
    0x0800533e   0x0000006c   Code   RO         3633    i.prvCopyDataToQueue  queue.o
    0x080053aa   0x00000034   Code   RO         3958    i.prvDeleteTCB      tasks.o
    0x080053de   0x00000002   PAD
    0x080053e0   0x0000004c   Code   RO         4641    i.prvHeapInit       heap_4.o
    0x0800542c   0x00000060   Code   RO         3959    i.prvIdleTask       tasks.o
    0x0800548c   0x00000016   Code   RO         3635    i.prvInitialiseNewQueue  queue.o
    0x080054a2   0x00000098   Code   RO         3960    i.prvInitialiseNewTask  tasks.o
    0x0800553a   0x00000002   PAD
    0x0800553c   0x0000004c   Code   RO         4642    i.prvInsertBlockIntoFreeList  heap_4.o
    0x08005588   0x0000001c   Code   RO         3636    i.prvIsQueueEmpty   queue.o
    0x080055a4   0x00000020   Code   RO         3961    i.prvResetNextTaskUnblockTime  tasks.o
    0x080055c4   0x00000028   Code   RO         4710    i.prvTaskExitError  port.o
    0x080055ec   0x0000006a   Code   RO         3637    i.prvUnlockQueue    queue.o
    0x08005656   0x00000002   PAD
    0x08005658   0x000000dc   Code   RO         4643    i.pvPortMalloc      heap_4.o
    0x08005734   0x0000002c   Code   RO         4711    i.pxPortInitialiseStack  port.o
    0x08005760   0x00000026   Code   RO         3592    i.uxListRemove      list.o
    0x08005786   0x00000002   PAD
    0x08005788   0x00000014   Code   RO          243    i.vApplicationGetIdleTaskMemory  freertos.o
    0x0800579c   0x00000016   Code   RO         3593    i.vListInitialise   list.o
    0x080057b2   0x00000006   Code   RO         3594    i.vListInitialiseItem  list.o
    0x080057b8   0x00000030   Code   RO         3595    i.vListInsert       list.o
    0x080057e8   0x00000018   Code   RO         3596    i.vListInsertEnd    list.o
    0x08005800   0x00000040   Code   RO         4713    i.vPortEnterCritical  port.o
    0x08005840   0x00000028   Code   RO         4714    i.vPortExitCritical  port.o
    0x08005868   0x00000064   Code   RO         4644    i.vPortFree         heap_4.o
    0x080058cc   0x00000024   Code   RO         4715    i.vPortSetupTimerInterrupt  port.o
    0x080058f0   0x00000054   Code   RO         4716    i.vPortValidateInterruptPriority  port.o
    0x08005944   0x0000004c   Code   RO         3970    i.vTaskDelay        tasks.o
    0x08005990   0x00000010   Code   RO         3973    i.vTaskInternalSetTimeOutState  tasks.o
    0x080059a0   0x0000000c   Code   RO         3974    i.vTaskMissedYield  tasks.o
    0x080059ac   0x00000030   Code   RO         3976    i.vTaskPlaceOnEventList  tasks.o
    0x080059dc   0x0000006c   Code   RO         3983    i.vTaskStartScheduler  tasks.o
    0x08005a48   0x00000010   Code   RO         3985    i.vTaskSuspendAll   tasks.o
    0x08005a58   0x0000005c   Code   RO         3986    i.vTaskSwitchContext  tasks.o
    0x08005ab4   0x000000f4   Code   RO         4717    i.xPortStartScheduler  port.o
    0x08005ba8   0x00000042   Code   RO         3646    i.xQueueGenericCreate  queue.o
    0x08005bea   0x00000002   PAD
    0x08005bec   0x00000088   Code   RO         3648    i.xQueueGenericReset  queue.o
    0x08005c74   0x000000be   Code   RO         3650    i.xQueueGenericSendFromISR  queue.o
    0x08005d32   0x00000002   PAD
    0x08005d34   0x00000138   Code   RO         3656    i.xQueueReceive     queue.o
    0x08005e6c   0x00000074   Code   RO         3988    i.xTaskCheckForTimeOut  tasks.o
    0x08005ee0   0x0000005a   Code   RO         3989    i.xTaskCreate       tasks.o
    0x08005f3a   0x00000056   Code   RO         3990    i.xTaskCreateStatic  tasks.o
    0x08005f90   0x0000001c   Code   RO         3994    i.xTaskGetSchedulerState  tasks.o
    0x08005fac   0x000000cc   Code   RO         3997    i.xTaskIncrementTick  tasks.o
    0x08006078   0x00000098   Code   RO         4000    i.xTaskPriorityDisinherit  tasks.o
    0x08006110   0x00000074   Code   RO         4002    i.xTaskRemoveFromEventList  tasks.o
    0x08006184   0x000000c4   Code   RO         4003    i.xTaskResumeAll    tasks.o
    0x08006248   0x0000002c   Code   RO         5894    locale$$code        c_w.l(lc_numeric_c.o)
    0x08006274   0x0000002c   Code   RO         5929    locale$$code        c_w.l(lc_ctype_c.o)
    0x080062a0   0x00000062   Code   RO         5544    x$fpl$d2f           fz_wm.l(d2f.o)
    0x08006302   0x00000002   PAD
    0x08006304   0x00000154   Code   RO         5546    x$fpl$dmul          fz_wm.l(dmul.o)
    0x08006458   0x0000009c   Code   RO         5750    x$fpl$dnaninf       fz_wm.l(dnaninf.o)
    0x080064f4   0x0000000c   Code   RO         5752    x$fpl$dretinf       fz_wm.l(dretinf.o)
    0x08006500   0x00000056   Code   RO         5548    x$fpl$f2d           fz_wm.l(f2d.o)
    0x08006556   0x0000008c   Code   RO         5754    x$fpl$fnaninf       fz_wm.l(fnaninf.o)
    0x080065e2   0x0000000a   Code   RO         5848    x$fpl$fpinit        fz_wm.l(fpinit.o)
    0x080065ec   0x0000000a   Code   RO         5756    x$fpl$fretinf       fz_wm.l(fretinf.o)
    0x080065f6   0x00000004   Code   RO         5758    x$fpl$printf1       fz_wm.l(printf1.o)
    0x080065fa   0x00000004   Code   RO         5760    x$fpl$printf2       fz_wm.l(printf2.o)
    0x080065fe   0x00000000   Code   RO         5766    x$fpl$usenofp       fz_wm.l(usenofp.o)
    0x080065fe   0x00000002   PAD
    0x08006600   0x0000008c   Data   RO          245    .constdata          freertos.o
    0x0800668c   0x00000300   Data   RO          444    .constdata          usart.o
    0x0800698c   0x00000008   Data   RO         1465    .constdata          stm32f4xx_hal_dma.o
    0x08006994   0x00000010   Data   RO         3455    .constdata          system_stm32f4xx.o
    0x080069a4   0x00000008   Data   RO         3456    .constdata          system_stm32f4xx.o
    0x080069ac   0x00000008   Data   RO         5627    .constdata          c_w.l(_printf_wctomb.o)
    0x080069b4   0x00000028   Data   RO         5656    .constdata          c_w.l(_printf_hex_int_ll_ptr.o)
    0x080069dc   0x00000011   Data   RO         5676    .constdata          c_w.l(__printf_flags_ss_wp.o)
    0x080069ed   0x00000026   Data   RO         5828    .constdata          c_w.l(_printf_fp_hex.o)
    0x08006a13   0x00000001   PAD
    0x08006a14   0x00000094   Data   RO         5869    .constdata          c_w.l(bigflt0.o)
    0x08006aa8   0x00000054   Data   RO          246    .conststring        freertos.o
    0x08006afc   0x00000020   Data   RO         5983    Region$$Table       anon$$obj.o
    0x08006b1c   0x0000001c   Data   RO         5893    locale$$data        c_w.l(lc_numeric_c.o)
    0x08006b38   0x00000110   Data   RO         5928    locale$$data        c_w.l(lc_ctype_c.o)
    0x08006c48   0x00000004   Data   RO         5080    .init_array         motor.o
    0x08006c4c   0x00000000   Data   RO         5539    .init_array         c_w.l(init_aeabi.o)


    Execution Region RW_IRAM1 (Base: 0x20000000, Size: 0x00005610, Max: 0x0001c000, ABSOLUTE)

    Base Addr    Size         Type   Attr      Idx    E Section Name        Object

    0x20000000   0x0000001c   Data   RW          247    .data               freertos.o
    0x2000001c   0x00000002   Data   RW          445    .data               usart.o
    0x2000001e   0x00000002   PAD
    0x20000020   0x00000004   Data   RW          574    .data               stm32f4xx_it.o
    0x20000024   0x0000000c   Data   RW         1892    .data               stm32f4xx_hal.o
    0x20000030   0x00000004   Data   RW         3457    .data               system_stm32f4xx.o
    0x20000034   0x0000003c   Data   RW         4006    .data               tasks.o
    0x20000070   0x00000020   Data   RW         4650    .data               heap_4.o
    0x20000090   0x0000000c   Data   RW         4718    .data               port.o
    0x2000009c   0x00000004   Data   RW         5079    .data               motor.o
    0x200000a0   0x00000254   Zero   RW          244    .bss                freertos.o
    0x200002f4   0x000000e0   Zero   RW          328    .bss                can.o
    0x200003d4   0x00000560   Zero   RW          442    .bss                usart.o
    0x20000934   0x00000048   Zero   RW          721    .bss                stm32f4xx_hal_timebase_tim.o
    0x2000097c   0x000000f0   Zero   RW         4005    .bss                tasks.o
    0x20000a6c   0x00003c00   Zero   RW         4649    .bss                heap_4.o
    0x2000466c   0x0000011f   Zero   RW         4795    .bss                data_container.o
    0x2000478b   0x00000040   Zero   RW         4796    .bss                data_container.o
    0x200047cb   0x00000040   Zero   RW         4797    .bss                data_container.o
    0x2000480b   0x00000001   PAD
    0x2000480c   0x000007a0   Zero   RW         5078    .bss                motor.o
    0x20004fac   0x00000060   Zero   RW         5789    .bss                c_w.l(libspace.o)
    0x2000500c   0x00000004   PAD
    0x20005010   0x00000200   Zero   RW            2    HEAP                startup_stm32f405xx.o
    0x20005210   0x00000400   Zero   RW            1    STACK               startup_stm32f405xx.o


    Execution Region RW_IRAM2 (Base: 0x2001c000, Size: 0x00000000, Max: 0x00004000, ABSOLUTE)

    **** No section assigned to this execution region ****


==============================================================================

Image component sizes


      Code (inc. data)   RO Data    RW Data    ZI Data      Debug   Object Name

       120         12          0          0        224       2026   can.o
       120          0          0          0          0      23185   cmsis_os.o
       244         10          0          0          0       5816   controller.o
       782         30          0          0        415       9427   data_container.o
       140          4          0          0          0        826   dma.o
         0          0          0          0          0      19920   event_groups.o
       328         38        224         28        596      11438   freertos.o
        76          6          0          0          0        847   gpio.o
       472         24          0         32      15360       7331   heap_4.o
       138          0          0          0          0       3474   list.o
       210         16          0          0          0     686966   main.o
      1312         64          4          4       1952      10744   motor.o
       786         82          0         12          0      11709   port.o
      1006          8          0          0          0      13490   queue.o
        64         26        392          0       1536        832   startup_stm32f405xx.o
        80         14          0         12          0       8010   stm32f4xx_hal.o
       800          0          0          0          0      10254   stm32f4xx_hal_can.o
       158         14          0          0          0      33098   stm32f4xx_hal_cortex.o
      1084         16          8          0          0       7238   stm32f4xx_hal_dma.o
       496         46          0          0          0       1508   stm32f4xx_hal_gpio.o
        56          4          0          0          0        842   stm32f4xx_hal_msp.o
      1412         86          0          0          0       5817   stm32f4xx_hal_rcc.o
       786         72          0          0          0       7228   stm32f4xx_hal_tim.o
         4          0          0          0          0       1561   stm32f4xx_hal_tim_ex.o
       140         20          0          0         72       1387   stm32f4xx_hal_timebase_tim.o
      2024         30          0          0          0      15010   stm32f4xx_hal_uart.o
       728        244          0          4          0      10946   stm32f4xx_it.o
         0          0          0          0          0        392   stream_buffer.o
        16          4         24          4          0       1091   system_stm32f4xx.o
      2008        150          0         60        240      24822   tasks.o
      1314         94        768          2       1376       7912   usart.o

    ----------------------------------------------------------------------
     16946       1114       1452        160      21772     945147   Object Totals
         0          0         32          0          0          0   (incl. Generated)
        42          0          0          2          1          0   (incl. Padding)

    ----------------------------------------------------------------------

      Code (inc. data)   RO Data    RW Data    ZI Data      Debug   Library Member Name

         8          0          0          0          0         68   __main.o
       392          4         17          0          0         92   __printf_flags_ss_wp.o
        14          0          0          0          0         68   __printf_wp.o
         0          0          0          0          0          0   __rtentry.o
        12          0          0          0          0          0   __rtentry2.o
         6          0          0          0          0          0   __rtentry4.o
        52          8          0          0          0          0   __scatter.o
        26          0          0          0          0          0   __scatter_copy.o
        28          0          0          0          0          0   __scatter_zi.o
         6          0          0          0          0          0   _printf_a.o
         6          0          0          0          0          0   _printf_c.o
        44          0          0          0          0        108   _printf_char.o
        48          6          0          0          0         96   _printf_char_common.o
        40          0          0          0          0         68   _printf_charcount.o
         6          0          0          0          0          0   _printf_d.o
       120         16          0          0          0         92   _printf_dec.o
         6          0          0          0          0          0   _printf_e.o
         6          0          0          0          0          0   _printf_f.o
      1050          0          0          0          0        216   _printf_fp_dec.o
       764         10         38          0          0        100   _printf_fp_hex.o
       128         16          0          0          0         84   _printf_fp_infnan.o
         6          0          0          0          0          0   _printf_g.o
       148          4         40          0          0        160   _printf_hex_int_ll_ptr.o
         6          0          0          0          0          0   _printf_i.o
       178          0          0          0          0         88   _printf_intcommon.o
        10          0          0          0          0          0   _printf_l.o
         6          0          0          0          0          0   _printf_lc.o
        10          0          0          0          0          0   _printf_ll.o
         6          0          0          0          0          0   _printf_lld.o
         6          0          0          0          0          0   _printf_lli.o
         6          0          0          0          0          0   _printf_llo.o
         6          0          0          0          0          0   _printf_llu.o
         6          0          0          0          0          0   _printf_llx.o
       124         16          0          0          0         92   _printf_longlong_dec.o
         6          0          0          0          0          0   _printf_ls.o
         6          0          0          0          0          0   _printf_n.o
         6          0          0          0          0          0   _printf_o.o
       112          8          0          0          0        124   _printf_oct_int_ll.o
         6          0          0          0          0          0   _printf_p.o
        78          0          0          0          0        108   _printf_pad.o
         0          0          0          0          0          0   _printf_percent.o
         4          0          0          0          0          0   _printf_percent_end.o
         6          0          0          0          0          0   _printf_s.o
        82          0          0          0          0         80   _printf_str.o
        36          0          0          0          0         84   _printf_truncate.o
         6          0          0          0          0          0   _printf_u.o
        44          0          0          0          0        108   _printf_wchar.o
       188          6          8          0          0         92   _printf_wctomb.o
         6          0          0          0          0          0   _printf_x.o
        16          0          0          0          0         68   _snputc.o
        10          0          0          0          0         68   _sputc.o
        64          0          0          0          0         92   _wcrtomb.o
       220          4        148          0          0         96   bigflt0.o
      1910        128          0          0          0        672   btod.o
        10          0          0          0          0         68   defsig_exit.o
        50          0          0          0          0         88   defsig_general.o
        80         58          0          0          0         76   defsig_rtmem_inner.o
        14          0          0          0          0         80   defsig_rtmem_outer.o
        18          0          0          0          0         80   exit.o
        94          0          0          0          0         80   h1_alloc.o
        52          0          0          0          0         68   h1_extend.o
        78          0          0          0          0         80   h1_free.o
        14          0          0          0          0         84   h1_init.o
         6          0          0          0          0        152   heapauxi.o
         4          0          0          0          0        136   hguard.o
         0          0          0          0          0          0   indicate_semi.o
        36         10          0          0          0         80   init_aeabi.o
       138          0          0          0          0        168   init_alloc.o
        44         10        272          0          0         76   lc_ctype_c.o
        44         10         28          0          0         76   lc_numeric_c.o
         2          0          0          0          0          0   libinit.o
        46          0          0          0          0          0   libinit2.o
         2          0          0          0          0          0   libshutdown.o
         2          0          0          0          0          0   libshutdown2.o
         8          4          0          0         96         68   libspace.o
       138          0          0          0          0         80   lludiv10.o
       238          0          0          0          0        100   lludivv7m.o
         0          0          0          0          0          0   maybetermalloc1.o
        16          4          0          0          0         76   rt_ctype_table.o
         8          4          0          0          0         68   rt_heap_descriptor_intlibspace.o
         8          4          0          0          0         68   rt_locale_intlibspace.o
        78          0          0          0          0         80   rt_memclr_w.o
       138          0          0          0          0         68   rt_memcpy_v6.o
       100          0          0          0          0         80   rt_memcpy_w.o
         2          0          0          0          0          0   rtexit.o
        10          0          0          0          0          0   rtexit2.o
       128          0          0          0          0         68   strcmpv7m.o
        12          4          0          0          0         68   sys_exit.o
        74          0          0          0          0         80   sys_stackheap_outer.o
        14          0          0          0          0         76   sys_wrch.o
         2          0          0          0          0         68   use_no_semi.o
        52          4          0          0          0         80   vsnprintf.o
        98          4          0          0          0        140   d2f.o
       340         12          0          0          0        152   dmul.o
       156          4          0          0          0        140   dnaninf.o
        12          0          0          0          0        116   dretinf.o
        86          4          0          0          0        132   f2d.o
       140          4          0          0          0        132   fnaninf.o
        10          0          0          0          0        116   fpinit.o
        10          0          0          0          0        116   fretinf.o
         4          0          0          0          0        116   printf1.o
         4          0          0          0          0        116   printf2.o
         0          0          0          0          0          0   usenofp.o
        48          0          0          0          0        124   fpclassify.o

    ----------------------------------------------------------------------
      8774        366        552          0        100       6844   Library Totals
        20          0          1          0          4          0   (incl. Padding)

    ----------------------------------------------------------------------

      Code (inc. data)   RO Data    RW Data    ZI Data      Debug   Library Name

      7846        338        551          0         96       5444   c_w.l
       860         28          0          0          0       1276   fz_wm.l
        48          0          0          0          0        124   m_wm.l

    ----------------------------------------------------------------------
      8774        366        552          0        100       6844   Library Totals

    ----------------------------------------------------------------------

==============================================================================


      Code (inc. data)   RO Data    RW Data    ZI Data      Debug   

     25720       1480       2004        160      21872     931323   Grand Totals
     25720       1480       2004        160      21872     931323   ELF Image Totals
     25720       1480       2004        160          0          0   ROM Totals

==============================================================================

    Total RO  Size (Code + RO Data)                27724 (  27.07kB)
    Total RW  Size (RW Data + ZI Data)             22032 (  21.52kB)
    Total ROM Size (Code + RO Data + RW Data)      27884 (  27.23kB)

==============================================================================

